[2025-04-25T11:51:49.535+0200][gc,heap] Heap region size: 1M
[2025-04-25T11:51:49.546+0200][gc     ] Using G1
[2025-04-25T11:51:49.546+0200][gc,heap,coops] Heap address: 0x00000000c0000000, size: 1024 MB, Compressed Oops mode: 32-bit
[2025-04-25T11:51:49.546+0200][gc,cds       ] Mark closed archive regions in map: [0x00000000fff00000, 0x00000000fff6bff8]
[2025-04-25T11:51:49.546+0200][gc,cds       ] Mark open archive regions in map: [0x00000000ffe00000, 0x00000000ffe47ff8]
[2025-04-25T11:51:50.471+0200][gc,start     ] GC(0) Pause Young (Normal) (G1 Evacuation Pause)
[2025-04-25T11:51:50.473+0200][gc,task      ] GC(0) Using 8 workers of 8 for evacuation
[2025-04-25T11:51:50.486+0200][gc,phases    ] GC(0)   Pre Evacuate Collection Set: 0.0ms
[2025-04-25T11:51:50.486+0200][gc,phases    ] GC(0)   Evacuate Collection Set: 11.2ms
[2025-04-25T11:51:50.486+0200][gc,phases    ] GC(0)   Post Evacuate Collection Set: 1.1ms
[2025-04-25T11:51:50.486+0200][gc,phases    ] GC(0)   Other: 2.4ms
[2025-04-25T11:51:50.486+0200][gc,heap      ] GC(0) Eden regions: 51->0(44)
[2025-04-25T11:51:50.486+0200][gc,heap      ] GC(0) Survivor regions: 0->7(7)
[2025-04-25T11:51:50.486+0200][gc,heap      ] GC(0) Old regions: 2->2
[2025-04-25T11:51:50.486+0200][gc,heap      ] GC(0) Humongous regions: 0->0
[2025-04-25T11:51:50.486+0200][gc,metaspace ] GC(0) Metaspace: 14228K(14848K)->14228K(14848K) NonClass: 12480K(12800K)->12480K(12800K) Class: 1747K(2048K)->1747K(2048K)
[2025-04-25T11:51:50.486+0200][gc           ] GC(0) Pause Young (Normal) (G1 Evacuation Pause) 51M->7M(1024M) 14.853ms
[2025-04-25T11:51:50.486+0200][gc,cpu       ] GC(0) User=0.09s Sys=0.00s Real=0.01s
[2025-04-25T11:51:51.102+0200][gc,start     ] GC(1) Pause Young (Concurrent Start) (Metadata GC Threshold)
[2025-04-25T11:51:51.102+0200][gc,task      ] GC(1) Using 8 workers of 8 for evacuation
[2025-04-25T11:51:51.113+0200][gc,phases    ] GC(1)   Pre Evacuate Collection Set: 0.0ms
[2025-04-25T11:51:51.113+0200][gc,phases    ] GC(1)   Evacuate Collection Set: 9.2ms
[2025-04-25T11:51:51.113+0200][gc,phases    ] GC(1)   Post Evacuate Collection Set: 0.8ms
[2025-04-25T11:51:51.113+0200][gc,phases    ] GC(1)   Other: 0.3ms
[2025-04-25T11:51:51.113+0200][gc,heap      ] GC(1) Eden regions: 29->0(49)
[2025-04-25T11:51:51.113+0200][gc,heap      ] GC(1) Survivor regions: 7->2(7)
[2025-04-25T11:51:51.113+0200][gc,heap      ] GC(1) Old regions: 2->9
[2025-04-25T11:51:51.113+0200][gc,heap      ] GC(1) Humongous regions: 0->0
[2025-04-25T11:51:51.113+0200][gc,metaspace ] GC(1) Metaspace: 20543K(21248K)->20543K(21248K) NonClass: 18053K(18432K)->18053K(18432K) Class: 2489K(2816K)->2489K(2816K)
[2025-04-25T11:51:51.113+0200][gc           ] GC(1) Pause Young (Concurrent Start) (Metadata GC Threshold) 36M->8M(1024M) 10.470ms
[2025-04-25T11:51:51.113+0200][gc,cpu       ] GC(1) User=0.06s Sys=0.00s Real=0.01s
[2025-04-25T11:51:51.113+0200][gc           ] GC(2) Concurrent Cycle
[2025-04-25T11:51:51.113+0200][gc,marking   ] GC(2) Concurrent Clear Claimed Marks
[2025-04-25T11:51:51.113+0200][gc,marking   ] GC(2) Concurrent Clear Claimed Marks 0.051ms
[2025-04-25T11:51:51.113+0200][gc,marking   ] GC(2) Concurrent Scan Root Regions
[2025-04-25T11:51:51.115+0200][gc,marking   ] GC(2) Concurrent Scan Root Regions 1.613ms
[2025-04-25T11:51:51.115+0200][gc,marking   ] GC(2) Concurrent Mark (1.583s)
[2025-04-25T11:51:51.115+0200][gc,marking   ] GC(2) Concurrent Mark From Roots
[2025-04-25T11:51:51.115+0200][gc,task      ] GC(2) Using 2 workers of 2 for marking
[2025-04-25T11:51:51.125+0200][gc,marking   ] GC(2) Concurrent Mark From Roots 10.508ms
[2025-04-25T11:51:51.125+0200][gc,marking   ] GC(2) Concurrent Preclean
[2025-04-25T11:51:51.125+0200][gc,marking   ] GC(2) Concurrent Preclean 0.160ms
[2025-04-25T11:51:51.125+0200][gc,marking   ] GC(2) Concurrent Mark (1.583s, 1.594s) 10.719ms
[2025-04-25T11:51:51.126+0200][gc,start     ] GC(2) Pause Remark
[2025-04-25T11:51:51.130+0200][gc,stringtable] GC(2) Cleaned string and symbol table, strings: 5740 processed, 0 removed, symbols: 53536 processed, 45 removed
[2025-04-25T11:51:51.131+0200][gc            ] GC(2) Pause Remark 10M->10M(1024M) 5.046ms
[2025-04-25T11:51:51.131+0200][gc,cpu        ] GC(2) User=0.03s Sys=0.00s Real=0.01s
[2025-04-25T11:51:51.131+0200][gc,marking    ] GC(2) Concurrent Rebuild Remembered Sets
[2025-04-25T11:51:51.135+0200][gc,marking    ] GC(2) Concurrent Rebuild Remembered Sets 3.820ms
[2025-04-25T11:51:51.136+0200][gc,start      ] GC(2) Pause Cleanup
[2025-04-25T11:51:51.136+0200][gc            ] GC(2) Pause Cleanup 10M->10M(1024M) 0.404ms
[2025-04-25T11:51:51.136+0200][gc,cpu        ] GC(2) User=0.00s Sys=0.00s Real=0.00s
[2025-04-25T11:51:51.136+0200][gc,marking    ] GC(2) Concurrent Cleanup for Next Mark
[2025-04-25T11:51:51.143+0200][gc,marking    ] GC(2) Concurrent Cleanup for Next Mark 7.125ms
[2025-04-25T11:51:51.143+0200][gc            ] GC(2) Concurrent Cycle 30.353ms
[2025-04-25T11:51:51.757+0200][gc,start      ] GC(3) Pause Young (Normal) (GCLocker Initiated GC)
[2025-04-25T11:51:51.757+0200][gc,task       ] GC(3) Using 8 workers of 8 for evacuation
[2025-04-25T11:51:51.762+0200][gc,phases     ] GC(3)   Pre Evacuate Collection Set: 0.0ms
[2025-04-25T11:51:51.762+0200][gc,phases     ] GC(3)   Evacuate Collection Set: 4.0ms
[2025-04-25T11:51:51.762+0200][gc,phases     ] GC(3)   Post Evacuate Collection Set: 0.7ms
[2025-04-25T11:51:51.762+0200][gc,phases     ] GC(3)   Other: 0.2ms
[2025-04-25T11:51:51.762+0200][gc,heap       ] GC(3) Eden regions: 50->0(46)
[2025-04-25T11:51:51.762+0200][gc,heap       ] GC(3) Survivor regions: 2->5(7)
[2025-04-25T11:51:51.762+0200][gc,heap       ] GC(3) Old regions: 9->9
[2025-04-25T11:51:51.762+0200][gc,heap       ] GC(3) Humongous regions: 129->129
[2025-04-25T11:51:51.762+0200][gc,metaspace  ] GC(3) Metaspace: 28305K(29440K)->28305K(29440K) NonClass: 25008K(25600K)->25008K(25600K) Class: 3297K(3840K)->3297K(3840K)
[2025-04-25T11:51:51.762+0200][gc            ] GC(3) Pause Young (Normal) (GCLocker Initiated GC) 186M->140M(1024M) 4.999ms
[2025-04-25T11:51:51.762+0200][gc,cpu        ] GC(3) User=0.04s Sys=0.00s Real=0.01s
[2025-04-25T11:51:52.162+0200][gc,start      ] GC(4) Pause Young (Concurrent Start) (Metadata GC Threshold)
[2025-04-25T11:51:52.162+0200][gc,task       ] GC(4) Using 8 workers of 8 for evacuation
[2025-04-25T11:51:52.176+0200][gc,phases     ] GC(4)   Pre Evacuate Collection Set: 0.1ms
[2025-04-25T11:51:52.176+0200][gc,phases     ] GC(4)   Evacuate Collection Set: 12.7ms
[2025-04-25T11:51:52.176+0200][gc,phases     ] GC(4)   Post Evacuate Collection Set: 0.6ms
[2025-04-25T11:51:52.176+0200][gc,phases     ] GC(4)   Other: 0.2ms
[2025-04-25T11:51:52.176+0200][gc,heap       ] GC(4) Eden regions: 34->0(48)
[2025-04-25T11:51:52.176+0200][gc,heap       ] GC(4) Survivor regions: 5->3(7)
[2025-04-25T11:51:52.176+0200][gc,heap       ] GC(4) Old regions: 9->14
[2025-04-25T11:51:52.176+0200][gc,heap       ] GC(4) Humongous regions: 129->129
[2025-04-25T11:51:52.176+0200][gc,metaspace  ] GC(4) Metaspace: 34424K(35840K)->34424K(35840K) NonClass: 30428K(31232K)->30428K(31232K) Class: 3995K(4608K)->3995K(4608K)
[2025-04-25T11:51:52.176+0200][gc            ] GC(4) Pause Young (Concurrent Start) (Metadata GC Threshold) 174M->143M(1024M) 13.701ms
[2025-04-25T11:51:52.176+0200][gc,cpu        ] GC(4) User=0.07s Sys=0.00s Real=0.01s
[2025-04-25T11:51:52.176+0200][gc            ] GC(5) Concurrent Cycle
[2025-04-25T11:51:52.176+0200][gc,marking    ] GC(5) Concurrent Clear Claimed Marks
[2025-04-25T11:51:52.176+0200][gc,marking    ] GC(5) Concurrent Clear Claimed Marks 0.095ms
[2025-04-25T11:51:52.176+0200][gc,marking    ] GC(5) Concurrent Scan Root Regions
[2025-04-25T11:51:52.178+0200][gc,marking    ] GC(5) Concurrent Scan Root Regions 1.418ms
[2025-04-25T11:51:52.178+0200][gc,marking    ] GC(5) Concurrent Mark (2.646s)
[2025-04-25T11:51:52.178+0200][gc,marking    ] GC(5) Concurrent Mark From Roots
[2025-04-25T11:51:52.178+0200][gc,task       ] GC(5) Using 2 workers of 2 for marking
[2025-04-25T11:51:52.193+0200][gc,marking    ] GC(5) Concurrent Mark From Roots 15.393ms
[2025-04-25T11:51:52.193+0200][gc,marking    ] GC(5) Concurrent Preclean
[2025-04-25T11:51:52.193+0200][gc,marking    ] GC(5) Concurrent Preclean 0.201ms
[2025-04-25T11:51:52.193+0200][gc,marking    ] GC(5) Concurrent Mark (2.646s, 2.662s) 15.658ms
[2025-04-25T11:51:52.194+0200][gc,start      ] GC(5) Pause Remark
[2025-04-25T11:51:52.200+0200][gc,stringtable] GC(5) Cleaned string and symbol table, strings: 11565 processed, 11 removed, symbols: 87012 processed, 15 removed
[2025-04-25T11:51:52.200+0200][gc            ] GC(5) Pause Remark 145M->145M(1024M) 6.691ms
[2025-04-25T11:51:52.200+0200][gc,cpu        ] GC(5) User=0.04s Sys=0.00s Real=0.01s
[2025-04-25T11:51:52.200+0200][gc,marking    ] GC(5) Concurrent Rebuild Remembered Sets
[2025-04-25T11:51:52.208+0200][gc,marking    ] GC(5) Concurrent Rebuild Remembered Sets 7.974ms
[2025-04-25T11:51:52.209+0200][gc,start      ] GC(5) Pause Cleanup
[2025-04-25T11:51:52.209+0200][gc            ] GC(5) Pause Cleanup 145M->145M(1024M) 0.296ms
[2025-04-25T11:51:52.209+0200][gc,cpu        ] GC(5) User=0.01s Sys=0.00s Real=0.01s
[2025-04-25T11:51:52.209+0200][gc,marking    ] GC(5) Concurrent Cleanup for Next Mark
[2025-04-25T11:51:52.226+0200][gc,marking    ] GC(5) Concurrent Cleanup for Next Mark 17.104ms
[2025-04-25T11:51:52.226+0200][gc            ] GC(5) Concurrent Cycle 50.230ms
[2025-04-25T12:19:21.395+0200][gc,start      ] GC(6) Pause Young (Normal) (G1 Evacuation Pause)
[2025-04-25T12:19:21.395+0200][gc,task       ] GC(6) Using 8 workers of 8 for evacuation
[2025-04-25T12:19:21.404+0200][gc,phases     ] GC(6)   Pre Evacuate Collection Set: 0.1ms
[2025-04-25T12:19:21.404+0200][gc,phases     ] GC(6)   Evacuate Collection Set: 6.9ms
[2025-04-25T12:19:21.404+0200][gc,phases     ] GC(6)   Post Evacuate Collection Set: 1.3ms
[2025-04-25T12:19:21.404+0200][gc,phases     ] GC(6)   Other: 0.7ms
[2025-04-25T12:19:21.404+0200][gc,heap       ] GC(6) Eden regions: 48->0(47)
[2025-04-25T12:19:21.404+0200][gc,heap       ] GC(6) Survivor regions: 3->4(7)
[2025-04-25T12:19:21.404+0200][gc,heap       ] GC(6) Old regions: 14->14
[2025-04-25T12:19:21.404+0200][gc,heap       ] GC(6) Humongous regions: 129->129
[2025-04-25T12:19:21.404+0200][gc,metaspace  ] GC(6) Metaspace: 40065K(42316K)->40065K(42316K) NonClass: 34932K(36044K)->34932K(36044K) Class: 5133K(6272K)->5133K(6272K)
[2025-04-25T12:19:21.404+0200][gc            ] GC(6) Pause Young (Normal) (G1 Evacuation Pause) 191M->144M(1024M) 8.979ms
[2025-04-25T12:19:21.404+0200][gc,cpu        ] GC(6) User=0.06s Sys=0.00s Real=0.01s
[2025-04-25T13:13:19.747+0200][gc,start      ] GC(7) Pause Young (Normal) (G1 Evacuation Pause)
[2025-04-25T13:13:19.747+0200][gc,task       ] GC(7) Using 8 workers of 8 for evacuation
[2025-04-25T13:13:19.797+0200][gc,mmu        ] GC(7) MMU target violated: 21.0ms (20.0ms/21.0ms)
[2025-04-25T13:13:19.797+0200][gc,phases     ] GC(7)   Pre Evacuate Collection Set: 18.6ms
[2025-04-25T13:13:19.797+0200][gc,phases     ] GC(7)   Evacuate Collection Set: 28.3ms
[2025-04-25T13:13:19.797+0200][gc,phases     ] GC(7)   Post Evacuate Collection Set: 2.3ms
[2025-04-25T13:13:19.797+0200][gc,phases     ] GC(7)   Other: 1.6ms
[2025-04-25T13:13:19.797+0200][gc,heap       ] GC(7) Eden regions: 47->0(47)
[2025-04-25T13:13:19.797+0200][gc,heap       ] GC(7) Survivor regions: 4->4(7)
[2025-04-25T13:13:19.797+0200][gc,heap       ] GC(7) Old regions: 14->14
[2025-04-25T13:13:19.797+0200][gc,heap       ] GC(7) Humongous regions: 129->129
[2025-04-25T13:13:19.797+0200][gc,metaspace  ] GC(7) Metaspace: 41395K(43852K)->41395K(43852K) NonClass: 36102K(37324K)->36102K(37324K) Class: 5293K(6528K)->5293K(6528K)
[2025-04-25T13:13:19.797+0200][gc            ] GC(7) Pause Young (Normal) (G1 Evacuation Pause) 191M->144M(1024M) 50.874ms
[2025-04-25T13:13:19.797+0200][gc,cpu        ] GC(7) User=0.25s Sys=0.00s Real=0.05s
[2025-04-25T13:30:33.077+0200][gc,start      ] GC(8) Pause Young (Normal) (G1 Evacuation Pause)
[2025-04-25T13:30:33.078+0200][gc,task       ] GC(8) Using 8 workers of 8 for evacuation
[2025-04-25T13:30:33.122+0200][gc,mmu        ] GC(8) MMU target violated: 21.0ms (20.0ms/21.0ms)
[2025-04-25T13:30:33.122+0200][gc,phases     ] GC(8)   Pre Evacuate Collection Set: 20.7ms
[2025-04-25T13:30:33.122+0200][gc,phases     ] GC(8)   Evacuate Collection Set: 20.7ms
[2025-04-25T13:30:33.122+0200][gc,phases     ] GC(8)   Post Evacuate Collection Set: 2.2ms
[2025-04-25T13:30:33.122+0200][gc,phases     ] GC(8)   Other: 1.0ms
[2025-04-25T13:30:33.122+0200][gc,heap       ] GC(8) Eden regions: 47->0(47)
[2025-04-25T13:30:33.122+0200][gc,heap       ] GC(8) Survivor regions: 4->4(7)
[2025-04-25T13:30:33.122+0200][gc,heap       ] GC(8) Old regions: 14->16
[2025-04-25T13:30:33.122+0200][gc,heap       ] GC(8) Humongous regions: 129->129
[2025-04-25T13:30:33.122+0200][gc,metaspace  ] GC(8) Metaspace: 44245K(47180K)->44245K(47180K) NonClass: 38564K(40140K)->38564K(40140K) Class: 5681K(7040K)->5681K(7040K)
[2025-04-25T13:30:33.122+0200][gc            ] GC(8) Pause Young (Normal) (G1 Evacuation Pause) 191M->146M(1024M) 44.629ms
[2025-04-25T13:30:33.122+0200][gc,cpu        ] GC(8) User=0.16s Sys=0.02s Real=0.05s
[2025-04-25T13:43:09.747+0200][gc,start      ] GC(9) Pause Young (Normal) (G1 Evacuation Pause)
[2025-04-25T13:43:09.747+0200][gc,task       ] GC(9) Using 8 workers of 8 for evacuation
[2025-04-25T13:43:09.775+0200][gc,mmu        ] GC(9) MMU target violated: 21.0ms (20.0ms/21.0ms)
[2025-04-25T13:43:09.775+0200][gc,phases     ] GC(9)   Pre Evacuate Collection Set: 6.9ms
[2025-04-25T13:43:09.775+0200][gc,phases     ] GC(9)   Evacuate Collection Set: 17.7ms
[2025-04-25T13:43:09.775+0200][gc,phases     ] GC(9)   Post Evacuate Collection Set: 2.7ms
[2025-04-25T13:43:09.775+0200][gc,phases     ] GC(9)   Other: 0.7ms
[2025-04-25T13:43:09.775+0200][gc,heap       ] GC(9) Eden regions: 47->0(46)
[2025-04-25T13:43:09.775+0200][gc,heap       ] GC(9) Survivor regions: 4->5(7)
[2025-04-25T13:43:09.775+0200][gc,heap       ] GC(9) Old regions: 16->17
[2025-04-25T13:43:09.775+0200][gc,heap       ] GC(9) Humongous regions: 129->129
[2025-04-25T13:43:09.775+0200][gc,metaspace  ] GC(9) Metaspace: 44645K(47564K)->44645K(47564K) NonClass: 38940K(40396K)->38940K(40396K) Class: 5705K(7168K)->5705K(7168K)
[2025-04-25T13:43:09.776+0200][gc            ] GC(9) Pause Young (Normal) (G1 Evacuation Pause) 193M->148M(1024M) 28.337ms
[2025-04-25T13:43:09.776+0200][gc,cpu        ] GC(9) User=0.15s Sys=0.00s Real=0.03s
[2025-04-25T13:56:05.388+0200][gc,start      ] GC(10) Pause Young (Normal) (G1 Evacuation Pause)
[2025-04-25T13:56:05.388+0200][gc,task       ] GC(10) Using 8 workers of 8 for evacuation
[2025-04-25T13:56:05.412+0200][gc,mmu        ] GC(10) MMU target violated: 21.0ms (20.0ms/21.0ms)
[2025-04-25T13:56:05.412+0200][gc,phases     ] GC(10)   Pre Evacuate Collection Set: 5.2ms
[2025-04-25T13:56:05.412+0200][gc,phases     ] GC(10)   Evacuate Collection Set: 12.4ms
[2025-04-25T13:56:05.412+0200][gc,phases     ] GC(10)   Post Evacuate Collection Set: 6.5ms
[2025-04-25T13:56:05.412+0200][gc,phases     ] GC(10)   Other: 0.5ms
[2025-04-25T13:56:05.412+0200][gc,heap       ] GC(10) Eden regions: 46->0(47)
[2025-04-25T13:56:05.412+0200][gc,heap       ] GC(10) Survivor regions: 5->4(7)
[2025-04-25T13:56:05.412+0200][gc,heap       ] GC(10) Old regions: 17->17
[2025-04-25T13:56:05.412+0200][gc,heap       ] GC(10) Humongous regions: 129->129
[2025-04-25T13:56:05.412+0200][gc,metaspace  ] GC(10) Metaspace: 44972K(48076K)->44972K(48076K) NonClass: 39266K(40908K)->39266K(40908K) Class: 5706K(7168K)->5706K(7168K)
[2025-04-25T13:56:05.412+0200][gc            ] GC(10) Pause Young (Normal) (G1 Evacuation Pause) 194M->148M(1024M) 24.710ms
[2025-04-25T13:56:05.412+0200][gc,cpu        ] GC(10) User=0.14s Sys=0.00s Real=0.03s
[2025-04-25T14:09:59.747+0200][gc,start      ] GC(11) Pause Young (Normal) (G1 Evacuation Pause)
[2025-04-25T14:09:59.747+0200][gc,task       ] GC(11) Using 8 workers of 8 for evacuation
[2025-04-25T14:09:59.767+0200][gc,mmu        ] GC(11) MMU target violated: 20.4ms (20.0ms/21.0ms)
[2025-04-25T14:09:59.767+0200][gc,phases     ] GC(11)   Pre Evacuate Collection Set: 1.0ms
[2025-04-25T14:09:59.767+0200][gc,phases     ] GC(11)   Evacuate Collection Set: 13.9ms
[2025-04-25T14:09:59.767+0200][gc,phases     ] GC(11)   Post Evacuate Collection Set: 5.3ms
[2025-04-25T14:09:59.767+0200][gc,phases     ] GC(11)   Other: 0.4ms
[2025-04-25T14:09:59.767+0200][gc,heap       ] GC(11) Eden regions: 47->0(48)
[2025-04-25T14:09:59.767+0200][gc,heap       ] GC(11) Survivor regions: 4->3(7)
[2025-04-25T14:09:59.767+0200][gc,heap       ] GC(11) Old regions: 17->19
[2025-04-25T14:09:59.767+0200][gc,heap       ] GC(11) Humongous regions: 129->129
[2025-04-25T14:09:59.767+0200][gc,metaspace  ] GC(11) Metaspace: 45066K(48076K)->45066K(48076K) NonClass: 39360K(40908K)->39360K(40908K) Class: 5706K(7168K)->5706K(7168K)
[2025-04-25T14:09:59.767+0200][gc            ] GC(11) Pause Young (Normal) (G1 Evacuation Pause) 195M->148M(1024M) 20.656ms
[2025-04-25T14:09:59.767+0200][gc,cpu        ] GC(11) User=0.04s Sys=0.09s Real=0.02s
[2025-04-25T14:24:45.534+0200][gc,start      ] GC(12) Pause Young (Normal) (G1 Evacuation Pause)
[2025-04-25T14:24:45.534+0200][gc,task       ] GC(12) Using 8 workers of 8 for evacuation
[2025-04-25T14:24:45.546+0200][gc,phases     ] GC(12)   Pre Evacuate Collection Set: 0.3ms
[2025-04-25T14:24:45.546+0200][gc,phases     ] GC(12)   Evacuate Collection Set: 9.3ms
[2025-04-25T14:24:45.546+0200][gc,phases     ] GC(12)   Post Evacuate Collection Set: 2.5ms
[2025-04-25T14:24:45.546+0200][gc,phases     ] GC(12)   Other: 0.4ms
[2025-04-25T14:24:45.546+0200][gc,heap       ] GC(12) Eden regions: 48->0(48)
[2025-04-25T14:24:45.546+0200][gc,heap       ] GC(12) Survivor regions: 3->3(7)
[2025-04-25T14:24:45.546+0200][gc,heap       ] GC(12) Old regions: 19->19
[2025-04-25T14:24:45.546+0200][gc,heap       ] GC(12) Humongous regions: 129->129
[2025-04-25T14:24:45.546+0200][gc,metaspace  ] GC(12) Metaspace: 45130K(48076K)->45130K(48076K) NonClass: 39424K(40908K)->39424K(40908K) Class: 5706K(7168K)->5706K(7168K)
[2025-04-25T14:24:45.546+0200][gc            ] GC(12) Pause Young (Normal) (G1 Evacuation Pause) 196M->149M(1024M) 12.766ms
[2025-04-25T14:24:45.546+0200][gc,cpu        ] GC(12) User=0.07s Sys=0.01s Real=0.01s
[2025-04-25T14:38:36.172+0200][gc,start      ] GC(13) Pause Young (Normal) (G1 Evacuation Pause)
[2025-04-25T14:38:36.172+0200][gc,task       ] GC(13) Using 8 workers of 8 for evacuation
[2025-04-25T14:38:36.190+0200][gc,phases     ] GC(13)   Pre Evacuate Collection Set: 0.2ms
[2025-04-25T14:38:36.190+0200][gc,phases     ] GC(13)   Evacuate Collection Set: 11.4ms
[2025-04-25T14:38:36.190+0200][gc,phases     ] GC(13)   Post Evacuate Collection Set: 5.4ms
[2025-04-25T14:38:36.190+0200][gc,phases     ] GC(13)   Other: 0.3ms
[2025-04-25T14:38:36.190+0200][gc,heap       ] GC(13) Eden regions: 48->0(47)
[2025-04-25T14:38:36.190+0200][gc,heap       ] GC(13) Survivor regions: 3->4(7)
[2025-04-25T14:38:36.190+0200][gc,heap       ] GC(13) Old regions: 19->19
[2025-04-25T14:38:36.190+0200][gc,heap       ] GC(13) Humongous regions: 129->129
[2025-04-25T14:38:36.190+0200][gc,metaspace  ] GC(13) Metaspace: 45148K(48332K)->45148K(48332K) NonClass: 39441K(41164K)->39441K(41164K) Class: 5706K(7168K)->5706K(7168K)
[2025-04-25T14:38:36.190+0200][gc            ] GC(13) Pause Young (Normal) (G1 Evacuation Pause) 197M->149M(1024M) 17.498ms
[2025-04-25T14:38:36.190+0200][gc,cpu        ] GC(13) User=0.04s Sys=0.00s Real=0.02s
[2025-04-25T14:52:43.421+0200][gc,start      ] GC(14) Pause Young (Normal) (G1 Evacuation Pause)
[2025-04-25T14:52:43.421+0200][gc,task       ] GC(14) Using 8 workers of 8 for evacuation
[2025-04-25T14:52:43.435+0200][gc,phases     ] GC(14)   Pre Evacuate Collection Set: 2.4ms
[2025-04-25T14:52:43.435+0200][gc,phases     ] GC(14)   Evacuate Collection Set: 8.7ms
[2025-04-25T14:52:43.435+0200][gc,phases     ] GC(14)   Post Evacuate Collection Set: 2.5ms
[2025-04-25T14:52:43.435+0200][gc,phases     ] GC(14)   Other: 0.5ms
[2025-04-25T14:52:43.435+0200][gc,heap       ] GC(14) Eden regions: 47->0(47)
[2025-04-25T14:52:43.435+0200][gc,heap       ] GC(14) Survivor regions: 4->4(7)
[2025-04-25T14:52:43.435+0200][gc,heap       ] GC(14) Old regions: 19->19
[2025-04-25T14:52:43.435+0200][gc,heap       ] GC(14) Humongous regions: 129->129
[2025-04-25T14:52:43.435+0200][gc,metaspace  ] GC(14) Metaspace: 45166K(48332K)->45166K(48332K) NonClass: 39460K(41164K)->39460K(41164K) Class: 5706K(7168K)->5706K(7168K)
[2025-04-25T14:52:43.435+0200][gc            ] GC(14) Pause Young (Normal) (G1 Evacuation Pause) 196M->149M(1024M) 14.298ms
[2025-04-25T14:52:43.435+0200][gc,cpu        ] GC(14) User=0.08s Sys=0.00s Real=0.01s
[2025-04-25T14:59:40.988+0200][gc,start      ] GC(15) Pause Young (Normal) (G1 Evacuation Pause)
[2025-04-25T14:59:40.988+0200][gc,task       ] GC(15) Using 8 workers of 8 for evacuation
[2025-04-25T14:59:40.996+0200][gc,phases     ] GC(15)   Pre Evacuate Collection Set: 0.2ms
[2025-04-25T14:59:40.996+0200][gc,phases     ] GC(15)   Evacuate Collection Set: 6.6ms
[2025-04-25T14:59:40.996+0200][gc,phases     ] GC(15)   Post Evacuate Collection Set: 1.3ms
[2025-04-25T14:59:40.996+0200][gc,phases     ] GC(15)   Other: 0.3ms
[2025-04-25T14:59:40.996+0200][gc,heap       ] GC(15) Eden regions: 47->0(55)
[2025-04-25T14:59:40.996+0200][gc,heap       ] GC(15) Survivor regions: 4->5(7)
[2025-04-25T14:59:40.996+0200][gc,heap       ] GC(15) Old regions: 19->19
[2025-04-25T14:59:40.996+0200][gc,heap       ] GC(15) Humongous regions: 129->129
[2025-04-25T14:59:40.996+0200][gc,metaspace  ] GC(15) Metaspace: 45374K(48332K)->45374K(48332K) NonClass: 39664K(41164K)->39664K(41164K) Class: 5709K(7168K)->5709K(7168K)
[2025-04-25T14:59:40.996+0200][gc            ] GC(15) Pause Young (Normal) (G1 Evacuation Pause) 196M->150M(1024M) 8.530ms
[2025-04-25T14:59:40.996+0200][gc,cpu        ] GC(15) User=0.06s Sys=0.00s Real=0.01s
[2025-04-25T15:00:27.221+0200][gc,start      ] GC(16) Pause Young (Normal) (G1 Evacuation Pause)
[2025-04-25T15:00:27.221+0200][gc,task       ] GC(16) Using 8 workers of 8 for evacuation
[2025-04-25T15:00:27.235+0200][gc,phases     ] GC(16)   Pre Evacuate Collection Set: 0.1ms
[2025-04-25T15:00:27.235+0200][gc,phases     ] GC(16)   Evacuate Collection Set: 9.8ms
[2025-04-25T15:00:27.235+0200][gc,phases     ] GC(16)   Post Evacuate Collection Set: 1.0ms
[2025-04-25T15:00:27.235+0200][gc,phases     ] GC(16)   Other: 3.6ms
[2025-04-25T15:00:27.235+0200][gc,heap       ] GC(16) Eden regions: 55->0(64)
[2025-04-25T15:00:27.235+0200][gc,heap       ] GC(16) Survivor regions: 5->5(8)
[2025-04-25T15:00:27.235+0200][gc,heap       ] GC(16) Old regions: 19->19
[2025-04-25T15:00:27.235+0200][gc,heap       ] GC(16) Humongous regions: 129->129
[2025-04-25T15:00:27.235+0200][gc,metaspace  ] GC(16) Metaspace: 45374K(48332K)->45374K(48332K) NonClass: 39664K(41164K)->39664K(41164K) Class: 5709K(7168K)->5709K(7168K)
[2025-04-25T15:00:27.235+0200][gc            ] GC(16) Pause Young (Normal) (G1 Evacuation Pause) 205M->150M(1024M) 14.535ms
[2025-04-25T15:00:27.235+0200][gc,cpu        ] GC(16) User=0.07s Sys=0.01s Real=0.01s
[2025-04-25T15:01:19.399+0200][gc,start      ] GC(17) Pause Young (Normal) (G1 Evacuation Pause)
[2025-04-25T15:01:19.399+0200][gc,task       ] GC(17) Using 8 workers of 8 for evacuation
[2025-04-25T15:01:19.410+0200][gc,phases     ] GC(17)   Pre Evacuate Collection Set: 0.0ms
[2025-04-25T15:01:19.410+0200][gc,phases     ] GC(17)   Evacuate Collection Set: 10.0ms
[2025-04-25T15:01:19.410+0200][gc,phases     ] GC(17)   Post Evacuate Collection Set: 1.1ms
[2025-04-25T15:01:19.410+0200][gc,phases     ] GC(17)   Other: 0.2ms
[2025-04-25T15:01:19.410+0200][gc,heap       ] GC(17) Eden regions: 64->0(79)
[2025-04-25T15:01:19.410+0200][gc,heap       ] GC(17) Survivor regions: 5->5(9)
[2025-04-25T15:01:19.410+0200][gc,heap       ] GC(17) Old regions: 19->19
[2025-04-25T15:01:19.410+0200][gc,heap       ] GC(17) Humongous regions: 129->129
[2025-04-25T15:01:19.410+0200][gc,metaspace  ] GC(17) Metaspace: 45374K(48332K)->45374K(48332K) NonClass: 39664K(41164K)->39664K(41164K) Class: 5709K(7168K)->5709K(7168K)
[2025-04-25T15:01:19.411+0200][gc            ] GC(17) Pause Young (Normal) (G1 Evacuation Pause) 214M->150M(1024M) 11.522ms
[2025-04-25T15:01:19.411+0200][gc,cpu        ] GC(17) User=0.06s Sys=0.01s Real=0.01s
[2025-04-25T15:02:22.604+0200][gc,start      ] GC(18) Pause Young (Normal) (G1 Evacuation Pause)
[2025-04-25T15:02:22.604+0200][gc,task       ] GC(18) Using 8 workers of 8 for evacuation
[2025-04-25T15:02:22.623+0200][gc,phases     ] GC(18)   Pre Evacuate Collection Set: 0.1ms
[2025-04-25T15:02:22.623+0200][gc,phases     ] GC(18)   Evacuate Collection Set: 15.9ms
[2025-04-25T15:02:22.623+0200][gc,phases     ] GC(18)   Post Evacuate Collection Set: 1.8ms
[2025-04-25T15:02:22.623+0200][gc,phases     ] GC(18)   Other: 0.5ms
[2025-04-25T15:02:22.623+0200][gc,heap       ] GC(18) Eden regions: 79->0(87)
[2025-04-25T15:02:22.623+0200][gc,heap       ] GC(18) Survivor regions: 5->5(11)
[2025-04-25T15:02:22.623+0200][gc,heap       ] GC(18) Old regions: 19->19
[2025-04-25T15:02:22.623+0200][gc,heap       ] GC(18) Humongous regions: 129->129
[2025-04-25T15:02:22.623+0200][gc,metaspace  ] GC(18) Metaspace: 45375K(48332K)->45375K(48332K) NonClass: 39666K(41164K)->39666K(41164K) Class: 5709K(7168K)->5709K(7168K)
[2025-04-25T15:02:22.623+0200][gc            ] GC(18) Pause Young (Normal) (G1 Evacuation Pause) 229M->151M(1024M) 18.781ms
[2025-04-25T15:02:22.623+0200][gc,cpu        ] GC(18) User=0.11s Sys=0.00s Real=0.02s
[2025-04-25T15:03:29.050+0200][gc,start      ] GC(19) Pause Young (Normal) (G1 Evacuation Pause)
[2025-04-25T15:03:29.050+0200][gc,task       ] GC(19) Using 8 workers of 8 for evacuation
[2025-04-25T15:03:29.062+0200][gc,phases     ] GC(19)   Pre Evacuate Collection Set: 0.1ms
[2025-04-25T15:03:29.062+0200][gc,phases     ] GC(19)   Evacuate Collection Set: 10.1ms
[2025-04-25T15:03:29.062+0200][gc,phases     ] GC(19)   Post Evacuate Collection Set: 0.9ms
[2025-04-25T15:03:29.062+0200][gc,phases     ] GC(19)   Other: 0.3ms
[2025-04-25T15:03:29.062+0200][gc,heap       ] GC(19) Eden regions: 87->0(114)
[2025-04-25T15:03:29.062+0200][gc,heap       ] GC(19) Survivor regions: 5->5(12)
[2025-04-25T15:03:29.062+0200][gc,heap       ] GC(19) Old regions: 19->19
[2025-04-25T15:03:29.062+0200][gc,heap       ] GC(19) Humongous regions: 129->129
[2025-04-25T15:03:29.062+0200][gc,metaspace  ] GC(19) Metaspace: 45377K(48332K)->45377K(48332K) NonClass: 39668K(41164K)->39668K(41164K) Class: 5709K(7168K)->5709K(7168K)
[2025-04-25T15:03:29.062+0200][gc            ] GC(19) Pause Young (Normal) (G1 Evacuation Pause) 238M->151M(1024M) 11.709ms
[2025-04-25T15:03:29.062+0200][gc,cpu        ] GC(19) User=0.08s Sys=0.01s Real=0.01s
[2025-04-25T15:04:45.909+0200][gc,start      ] GC(20) Pause Young (Normal) (G1 Evacuation Pause)
[2025-04-25T15:04:45.909+0200][gc,task       ] GC(20) Using 8 workers of 8 for evacuation
[2025-04-25T15:04:45.926+0200][gc,phases     ] GC(20)   Pre Evacuate Collection Set: 0.1ms
[2025-04-25T15:04:45.926+0200][gc,phases     ] GC(20)   Evacuate Collection Set: 15.4ms
[2025-04-25T15:04:45.926+0200][gc,phases     ] GC(20)   Post Evacuate Collection Set: 1.2ms
[2025-04-25T15:04:45.926+0200][gc,phases     ] GC(20)   Other: 0.3ms
[2025-04-25T15:04:45.926+0200][gc,heap       ] GC(20) Eden regions: 114->0(151)
[2025-04-25T15:04:45.926+0200][gc,heap       ] GC(20) Survivor regions: 5->5(15)
[2025-04-25T15:04:45.926+0200][gc,heap       ] GC(20) Old regions: 19->19
[2025-04-25T15:04:45.926+0200][gc,heap       ] GC(20) Humongous regions: 129->129
[2025-04-25T15:04:45.926+0200][gc,metaspace  ] GC(20) Metaspace: 45397K(48332K)->45397K(48332K) NonClass: 39687K(41164K)->39687K(41164K) Class: 5709K(7168K)->5709K(7168K)
[2025-04-25T15:04:45.926+0200][gc            ] GC(20) Pause Young (Normal) (G1 Evacuation Pause) 265M->150M(1024M) 16.948ms
[2025-04-25T15:04:45.926+0200][gc,cpu        ] GC(20) User=0.08s Sys=0.03s Real=0.01s
[2025-04-25T15:06:55.150+0200][gc,start      ] GC(21) Pause Young (Normal) (G1 Evacuation Pause)
[2025-04-25T15:06:55.155+0200][gc,task       ] GC(21) Using 8 workers of 8 for evacuation
[2025-04-25T15:06:55.277+0200][gc,mmu        ] GC(21) MMU target violated: 21.0ms (20.0ms/21.0ms)
[2025-04-25T15:06:55.277+0200][gc,phases     ] GC(21)   Pre Evacuate Collection Set: 1.5ms
[2025-04-25T15:06:55.277+0200][gc,phases     ] GC(21)   Evacuate Collection Set: 111.6ms
[2025-04-25T15:06:55.277+0200][gc,phases     ] GC(21)   Post Evacuate Collection Set: 6.1ms
[2025-04-25T15:06:55.277+0200][gc,phases     ] GC(21)   Other: 7.4ms
[2025-04-25T15:06:55.277+0200][gc,heap       ] GC(21) Eden regions: 151->0(53)
[2025-04-25T15:06:55.277+0200][gc,heap       ] GC(21) Survivor regions: 5->5(20)
[2025-04-25T15:06:55.277+0200][gc,heap       ] GC(21) Old regions: 19->19
[2025-04-25T15:06:55.277+0200][gc,heap       ] GC(21) Humongous regions: 129->129
[2025-04-25T15:06:55.277+0200][gc,metaspace  ] GC(21) Metaspace: 45402K(48332K)->45402K(48332K) NonClass: 39693K(41164K)->39693K(41164K) Class: 5709K(7168K)->5709K(7168K)
[2025-04-25T15:06:55.277+0200][gc            ] GC(21) Pause Young (Normal) (G1 Evacuation Pause) 301M->151M(1024M) 126.823ms
[2025-04-25T15:06:55.277+0200][gc,cpu        ] GC(21) User=0.65s Sys=0.22s Real=0.12s
[2025-04-25T15:07:35.378+0200][gc,start      ] GC(22) Pause Young (Normal) (G1 Evacuation Pause)
[2025-04-25T15:07:35.378+0200][gc,task       ] GC(22) Using 8 workers of 8 for evacuation
[2025-04-25T15:07:35.394+0200][gc,phases     ] GC(22)   Pre Evacuate Collection Set: 0.1ms
[2025-04-25T15:07:35.394+0200][gc,phases     ] GC(22)   Evacuate Collection Set: 14.3ms
[2025-04-25T15:07:35.394+0200][gc,phases     ] GC(22)   Post Evacuate Collection Set: 1.2ms
[2025-04-25T15:07:35.394+0200][gc,phases     ] GC(22)   Other: 0.4ms
[2025-04-25T15:07:35.394+0200][gc,heap       ] GC(22) Eden regions: 53->0(57)
[2025-04-25T15:07:35.394+0200][gc,heap       ] GC(22) Survivor regions: 5->5(8)
[2025-04-25T15:07:35.394+0200][gc,heap       ] GC(22) Old regions: 19->19
[2025-04-25T15:07:35.394+0200][gc,heap       ] GC(22) Humongous regions: 129->129
[2025-04-25T15:07:35.394+0200][gc,metaspace  ] GC(22) Metaspace: 45402K(48332K)->45402K(48332K) NonClass: 39693K(41164K)->39693K(41164K) Class: 5709K(7168K)->5709K(7168K)
[2025-04-25T15:07:35.394+0200][gc            ] GC(22) Pause Young (Normal) (G1 Evacuation Pause) 204M->150M(1024M) 16.157ms
[2025-04-25T15:07:35.394+0200][gc,cpu        ] GC(22) User=0.12s Sys=0.00s Real=0.02s
[2025-04-25T15:08:16.701+0200][gc,start      ] GC(23) Pause Young (Normal) (G1 Evacuation Pause)
[2025-04-25T15:08:16.701+0200][gc,task       ] GC(23) Using 8 workers of 8 for evacuation
[2025-04-25T15:08:16.717+0200][gc,phases     ] GC(23)   Pre Evacuate Collection Set: 0.1ms
[2025-04-25T15:08:16.717+0200][gc,phases     ] GC(23)   Evacuate Collection Set: 13.2ms
[2025-04-25T15:08:16.717+0200][gc,phases     ] GC(23)   Post Evacuate Collection Set: 1.9ms
[2025-04-25T15:08:16.717+0200][gc,phases     ] GC(23)   Other: 0.3ms
[2025-04-25T15:08:16.717+0200][gc,heap       ] GC(23) Eden regions: 57->0(66)
[2025-04-25T15:08:16.717+0200][gc,heap       ] GC(23) Survivor regions: 5->5(8)
[2025-04-25T15:08:16.717+0200][gc,heap       ] GC(23) Old regions: 19->19
[2025-04-25T15:08:16.717+0200][gc,heap       ] GC(23) Humongous regions: 129->129
[2025-04-25T15:08:16.717+0200][gc,metaspace  ] GC(23) Metaspace: 45406K(48332K)->45406K(48332K) NonClass: 39696K(41164K)->39696K(41164K) Class: 5709K(7168K)->5709K(7168K)
[2025-04-25T15:08:16.717+0200][gc            ] GC(23) Pause Young (Normal) (G1 Evacuation Pause) 207M->150M(1024M) 15.684ms
[2025-04-25T15:08:16.717+0200][gc,cpu        ] GC(23) User=0.10s Sys=0.01s Real=0.01s
[2025-04-25T15:09:00.771+0200][gc,start      ] GC(24) Pause Young (Normal) (G1 Evacuation Pause)
[2025-04-25T15:09:00.771+0200][gc,task       ] GC(24) Using 8 workers of 8 for evacuation
[2025-04-25T15:09:00.786+0200][gc,phases     ] GC(24)   Pre Evacuate Collection Set: 0.1ms
[2025-04-25T15:09:00.786+0200][gc,phases     ] GC(24)   Evacuate Collection Set: 13.8ms
[2025-04-25T15:09:00.786+0200][gc,phases     ] GC(24)   Post Evacuate Collection Set: 0.9ms
[2025-04-25T15:09:00.786+0200][gc,phases     ] GC(24)   Other: 0.3ms
[2025-04-25T15:09:00.786+0200][gc,heap       ] GC(24) Eden regions: 66->0(79)
[2025-04-25T15:09:00.786+0200][gc,heap       ] GC(24) Survivor regions: 5->5(9)
[2025-04-25T15:09:00.786+0200][gc,heap       ] GC(24) Old regions: 19->19
[2025-04-25T15:09:00.786+0200][gc,heap       ] GC(24) Humongous regions: 129->129
[2025-04-25T15:09:00.786+0200][gc,metaspace  ] GC(24) Metaspace: 45406K(48332K)->45406K(48332K) NonClass: 39696K(41164K)->39696K(41164K) Class: 5709K(7168K)->5709K(7168K)
[2025-04-25T15:09:00.786+0200][gc            ] GC(24) Pause Young (Normal) (G1 Evacuation Pause) 216M->150M(1024M) 15.313ms
[2025-04-25T15:09:00.786+0200][gc,cpu        ] GC(24) User=0.10s Sys=0.01s Real=0.01s
[2025-04-25T15:10:00.503+0200][gc,start      ] GC(25) Pause Young (Normal) (G1 Evacuation Pause)
[2025-04-25T15:10:00.503+0200][gc,task       ] GC(25) Using 8 workers of 8 for evacuation
[2025-04-25T15:10:00.508+0200][gc,phases     ] GC(25)   Pre Evacuate Collection Set: 0.1ms
[2025-04-25T15:10:00.508+0200][gc,phases     ] GC(25)   Evacuate Collection Set: 4.1ms
[2025-04-25T15:10:00.508+0200][gc,phases     ] GC(25)   Post Evacuate Collection Set: 0.9ms
[2025-04-25T15:10:00.508+0200][gc,phases     ] GC(25)   Other: 0.2ms
[2025-04-25T15:10:00.508+0200][gc,heap       ] GC(25) Eden regions: 79->0(102)
[2025-04-25T15:10:00.508+0200][gc,heap       ] GC(25) Survivor regions: 5->5(11)
[2025-04-25T15:10:00.508+0200][gc,heap       ] GC(25) Old regions: 19->19
[2025-04-25T15:10:00.508+0200][gc,heap       ] GC(25) Humongous regions: 129->129
[2025-04-25T15:10:00.508+0200][gc,metaspace  ] GC(25) Metaspace: 45406K(48332K)->45406K(48332K) NonClass: 39696K(41164K)->39696K(41164K) Class: 5709K(7168K)->5709K(7168K)
[2025-04-25T15:10:00.508+0200][gc            ] GC(25) Pause Young (Normal) (G1 Evacuation Pause) 229M->150M(1024M) 5.452ms
[2025-04-25T15:10:00.508+0200][gc,cpu        ] GC(25) User=0.02s Sys=0.01s Real=0.00s
[2025-04-25T15:11:20.257+0200][gc,start      ] GC(26) Pause Young (Normal) (G1 Evacuation Pause)
[2025-04-25T15:11:20.257+0200][gc,task       ] GC(26) Using 8 workers of 8 for evacuation
[2025-04-25T15:11:20.324+0200][gc,mmu        ] GC(26) MMU target violated: 21.0ms (20.0ms/21.0ms)
[2025-04-25T15:11:20.324+0200][gc,phases     ] GC(26)   Pre Evacuate Collection Set: 0.8ms
[2025-04-25T15:11:20.324+0200][gc,phases     ] GC(26)   Evacuate Collection Set: 63.6ms
[2025-04-25T15:11:20.324+0200][gc,phases     ] GC(26)   Post Evacuate Collection Set: 2.1ms
[2025-04-25T15:11:20.324+0200][gc,phases     ] GC(26)   Other: 0.5ms
[2025-04-25T15:11:20.324+0200][gc,heap       ] GC(26) Eden regions: 102->0(85)
[2025-04-25T15:11:20.324+0200][gc,heap       ] GC(26) Survivor regions: 5->4(14)
[2025-04-25T15:11:20.324+0200][gc,heap       ] GC(26) Old regions: 19->20
[2025-04-25T15:11:20.324+0200][gc,heap       ] GC(26) Humongous regions: 129->129
[2025-04-25T15:11:20.324+0200][gc,metaspace  ] GC(26) Metaspace: 45406K(48332K)->45406K(48332K) NonClass: 39696K(41164K)->39696K(41164K) Class: 5709K(7168K)->5709K(7168K)
[2025-04-25T15:11:20.324+0200][gc            ] GC(26) Pause Young (Normal) (G1 Evacuation Pause) 252M->150M(1024M) 67.151ms
[2025-04-25T15:11:20.324+0200][gc,cpu        ] GC(26) User=0.46s Sys=0.00s Real=0.07s
[2025-04-25T15:12:21.957+0200][gc,start      ] GC(27) Pause Young (Normal) (G1 Evacuation Pause)
[2025-04-25T15:12:21.957+0200][gc,task       ] GC(27) Using 8 workers of 8 for evacuation
[2025-04-25T15:12:21.969+0200][gc,phases     ] GC(27)   Pre Evacuate Collection Set: 0.2ms
[2025-04-25T15:12:21.969+0200][gc,phases     ] GC(27)   Evacuate Collection Set: 10.4ms
[2025-04-25T15:12:21.969+0200][gc,phases     ] GC(27)   Post Evacuate Collection Set: 0.9ms
[2025-04-25T15:12:21.969+0200][gc,phases     ] GC(27)   Other: 0.2ms
[2025-04-25T15:12:21.969+0200][gc,heap       ] GC(27) Eden regions: 85->0(92)
[2025-04-25T15:12:21.969+0200][gc,heap       ] GC(27) Survivor regions: 4->4(12)
[2025-04-25T15:12:21.969+0200][gc,heap       ] GC(27) Old regions: 20->20
[2025-04-25T15:12:21.969+0200][gc,heap       ] GC(27) Humongous regions: 129->129
[2025-04-25T15:12:21.969+0200][gc,metaspace  ] GC(27) Metaspace: 45406K(48332K)->45406K(48332K) NonClass: 39696K(41164K)->39696K(41164K) Class: 5709K(7168K)->5709K(7168K)
[2025-04-25T15:12:21.969+0200][gc            ] GC(27) Pause Young (Normal) (G1 Evacuation Pause) 235M->150M(1024M) 11.779ms
[2025-04-25T15:12:21.969+0200][gc,cpu        ] GC(27) User=0.08s Sys=0.00s Real=0.01s
[2025-04-25T15:13:28.011+0200][gc,start      ] GC(28) Pause Young (Normal) (G1 Evacuation Pause)
[2025-04-25T15:13:28.011+0200][gc,task       ] GC(28) Using 8 workers of 8 for evacuation
[2025-04-25T15:13:28.020+0200][gc,phases     ] GC(28)   Pre Evacuate Collection Set: 0.3ms
[2025-04-25T15:13:28.020+0200][gc,phases     ] GC(28)   Evacuate Collection Set: 6.7ms
[2025-04-25T15:13:28.020+0200][gc,phases     ] GC(28)   Post Evacuate Collection Set: 1.3ms
[2025-04-25T15:13:28.020+0200][gc,phases     ] GC(28)   Other: 0.5ms
[2025-04-25T15:13:28.020+0200][gc,heap       ] GC(28) Eden regions: 92->0(100)
[2025-04-25T15:13:28.020+0200][gc,heap       ] GC(28) Survivor regions: 4->4(12)
[2025-04-25T15:13:28.020+0200][gc,heap       ] GC(28) Old regions: 20->20
[2025-04-25T15:13:28.020+0200][gc,heap       ] GC(28) Humongous regions: 129->129
[2025-04-25T15:13:28.020+0200][gc,metaspace  ] GC(28) Metaspace: 45406K(48332K)->45406K(48332K) NonClass: 39696K(41164K)->39696K(41164K) Class: 5709K(7168K)->5709K(7168K)
[2025-04-25T15:13:28.020+0200][gc            ] GC(28) Pause Young (Normal) (G1 Evacuation Pause) 242M->150M(1024M) 8.805ms
[2025-04-25T15:13:28.020+0200][gc,cpu        ] GC(28) User=0.03s Sys=0.03s Real=0.01s
[2025-04-25T15:14:48.776+0200][gc,start      ] GC(29) Pause Young (Normal) (G1 Evacuation Pause)
[2025-04-25T15:14:48.776+0200][gc,task       ] GC(29) Using 8 workers of 8 for evacuation
[2025-04-25T15:14:48.780+0200][gc,phases     ] GC(29)   Pre Evacuate Collection Set: 0.0ms
[2025-04-25T15:14:48.780+0200][gc,phases     ] GC(29)   Evacuate Collection Set: 2.6ms
[2025-04-25T15:14:48.780+0200][gc,phases     ] GC(29)   Post Evacuate Collection Set: 0.9ms
[2025-04-25T15:14:48.780+0200][gc,phases     ] GC(29)   Other: 0.2ms
[2025-04-25T15:14:48.780+0200][gc,heap       ] GC(29) Eden regions: 100->0(114)
[2025-04-25T15:14:48.780+0200][gc,heap       ] GC(29) Survivor regions: 4->3(13)
[2025-04-25T15:14:48.780+0200][gc,heap       ] GC(29) Old regions: 20->21
[2025-04-25T15:14:48.780+0200][gc,heap       ] GC(29) Humongous regions: 129->129
[2025-04-25T15:14:48.780+0200][gc,metaspace  ] GC(29) Metaspace: 45407K(48332K)->45407K(48332K) NonClass: 39698K(41164K)->39698K(41164K) Class: 5709K(7168K)->5709K(7168K)
[2025-04-25T15:14:48.780+0200][gc            ] GC(29) Pause Young (Normal) (G1 Evacuation Pause) 250M->150M(1024M) 3.840ms
[2025-04-25T15:14:48.780+0200][gc,cpu        ] GC(29) User=0.02s Sys=0.00s Real=0.01s
[2025-04-25T15:16:23.151+0200][gc,start      ] GC(30) Pause Young (Normal) (G1 Evacuation Pause)
[2025-04-25T15:16:23.151+0200][gc,task       ] GC(30) Using 8 workers of 8 for evacuation
[2025-04-25T15:16:23.160+0200][gc,phases     ] GC(30)   Pre Evacuate Collection Set: 0.2ms
[2025-04-25T15:16:23.161+0200][gc,phases     ] GC(30)   Evacuate Collection Set: 8.3ms
[2025-04-25T15:16:23.161+0200][gc,phases     ] GC(30)   Post Evacuate Collection Set: 1.0ms
[2025-04-25T15:16:23.161+0200][gc,phases     ] GC(30)   Other: 0.3ms
[2025-04-25T15:16:23.161+0200][gc,heap       ] GC(30) Eden regions: 114->0(129)
[2025-04-25T15:16:23.161+0200][gc,heap       ] GC(30) Survivor regions: 3->3(15)
[2025-04-25T15:16:23.161+0200][gc,heap       ] GC(30) Old regions: 21->21
[2025-04-25T15:16:23.161+0200][gc,heap       ] GC(30) Humongous regions: 129->129
[2025-04-25T15:16:23.161+0200][gc,metaspace  ] GC(30) Metaspace: 45407K(48332K)->45407K(48332K) NonClass: 39698K(41164K)->39698K(41164K) Class: 5709K(7168K)->5709K(7168K)
[2025-04-25T15:16:23.161+0200][gc            ] GC(30) Pause Young (Normal) (G1 Evacuation Pause) 264M->150M(1024M) 9.883ms
[2025-04-25T15:16:23.161+0200][gc,cpu        ] GC(30) User=0.07s Sys=0.00s Real=0.01s
[2025-04-25T15:18:06.402+0200][gc,start      ] GC(31) Pause Young (Normal) (G1 Evacuation Pause)
[2025-04-25T15:18:06.402+0200][gc,task       ] GC(31) Using 8 workers of 8 for evacuation
[2025-04-25T15:18:06.410+0200][gc,phases     ] GC(31)   Pre Evacuate Collection Set: 0.1ms
[2025-04-25T15:18:06.410+0200][gc,phases     ] GC(31)   Evacuate Collection Set: 5.7ms
[2025-04-25T15:18:06.410+0200][gc,phases     ] GC(31)   Post Evacuate Collection Set: 1.6ms
[2025-04-25T15:18:06.410+0200][gc,phases     ] GC(31)   Other: 0.4ms
[2025-04-25T15:18:06.410+0200][gc,heap       ] GC(31) Eden regions: 129->0(139)
[2025-04-25T15:18:06.410+0200][gc,heap       ] GC(31) Survivor regions: 3->3(17)
[2025-04-25T15:18:06.410+0200][gc,heap       ] GC(31) Old regions: 21->21
[2025-04-25T15:18:06.410+0200][gc,heap       ] GC(31) Humongous regions: 129->129
[2025-04-25T15:18:06.410+0200][gc,metaspace  ] GC(31) Metaspace: 45409K(48332K)->45409K(48332K) NonClass: 39700K(41164K)->39700K(41164K) Class: 5709K(7168K)->5709K(7168K)
[2025-04-25T15:18:06.410+0200][gc            ] GC(31) Pause Young (Normal) (G1 Evacuation Pause) 279M->150M(1024M) 7.968ms
[2025-04-25T15:18:06.410+0200][gc,cpu        ] GC(31) User=0.02s Sys=0.02s Real=0.01s
[2025-04-25T15:19:45.860+0200][gc,start      ] GC(32) Pause Young (Normal) (G1 Evacuation Pause)
[2025-04-25T15:19:45.860+0200][gc,task       ] GC(32) Using 8 workers of 8 for evacuation
[2025-04-25T15:19:45.864+0200][gc,phases     ] GC(32)   Pre Evacuate Collection Set: 0.0ms
[2025-04-25T15:19:45.864+0200][gc,phases     ] GC(32)   Evacuate Collection Set: 2.3ms
[2025-04-25T15:19:45.864+0200][gc,phases     ] GC(32)   Post Evacuate Collection Set: 1.1ms
[2025-04-25T15:19:45.864+0200][gc,phases     ] GC(32)   Other: 0.3ms
[2025-04-25T15:19:45.864+0200][gc,heap       ] GC(32) Eden regions: 139->0(157)
[2025-04-25T15:19:45.864+0200][gc,heap       ] GC(32) Survivor regions: 3->3(18)
[2025-04-25T15:19:45.864+0200][gc,heap       ] GC(32) Old regions: 21->21
[2025-04-25T15:19:45.864+0200][gc,heap       ] GC(32) Humongous regions: 129->129
[2025-04-25T15:19:45.864+0200][gc,metaspace  ] GC(32) Metaspace: 45409K(48332K)->45409K(48332K) NonClass: 39700K(41164K)->39700K(41164K) Class: 5709K(7168K)->5709K(7168K)
[2025-04-25T15:19:45.864+0200][gc            ] GC(32) Pause Young (Normal) (G1 Evacuation Pause) 289M->151M(1024M) 3.769ms
[2025-04-25T15:19:45.864+0200][gc,cpu        ] GC(32) User=0.01s Sys=0.00s Real=0.00s
[2025-04-25T15:21:50.122+0200][gc,start      ] GC(33) Pause Young (Normal) (G1 Evacuation Pause)
[2025-04-25T15:21:50.122+0200][gc,task       ] GC(33) Using 8 workers of 8 for evacuation
[2025-04-25T15:21:50.152+0200][gc,mmu        ] GC(33) MMU target violated: 21.0ms (20.0ms/21.0ms)
[2025-04-25T15:21:50.152+0200][gc,phases     ] GC(33)   Pre Evacuate Collection Set: 0.2ms
[2025-04-25T15:21:50.152+0200][gc,phases     ] GC(33)   Evacuate Collection Set: 27.3ms
[2025-04-25T15:21:50.152+0200][gc,phases     ] GC(33)   Post Evacuate Collection Set: 2.0ms
[2025-04-25T15:21:50.152+0200][gc,phases     ] GC(33)   Other: 1.0ms
[2025-04-25T15:21:50.152+0200][gc,heap       ] GC(33) Eden regions: 157->0(100)
[2025-04-25T15:21:50.152+0200][gc,heap       ] GC(33) Survivor regions: 3->3(20)
[2025-04-25T15:21:50.152+0200][gc,heap       ] GC(33) Old regions: 21->21
[2025-04-25T15:21:50.152+0200][gc,heap       ] GC(33) Humongous regions: 129->129
[2025-04-25T15:21:50.152+0200][gc,metaspace  ] GC(33) Metaspace: 45421K(48332K)->45421K(48332K) NonClass: 39712K(41164K)->39712K(41164K) Class: 5709K(7168K)->5709K(7168K)
[2025-04-25T15:21:50.152+0200][gc            ] GC(33) Pause Young (Normal) (G1 Evacuation Pause) 308M->151M(1024M) 30.668ms
[2025-04-25T15:21:50.152+0200][gc,cpu        ] GC(33) User=0.15s Sys=0.07s Real=0.03s
[2025-04-25T15:23:08.523+0200][gc,start      ] GC(34) Pause Young (Normal) (G1 Evacuation Pause)
[2025-04-25T15:23:08.523+0200][gc,task       ] GC(34) Using 8 workers of 8 for evacuation
[2025-04-25T15:23:08.527+0200][gc,phases     ] GC(34)   Pre Evacuate Collection Set: 0.2ms
[2025-04-25T15:23:08.527+0200][gc,phases     ] GC(34)   Evacuate Collection Set: 2.4ms
[2025-04-25T15:23:08.527+0200][gc,phases     ] GC(34)   Post Evacuate Collection Set: 0.9ms
[2025-04-25T15:23:08.527+0200][gc,phases     ] GC(34)   Other: 0.2ms
[2025-04-25T15:23:08.527+0200][gc,heap       ] GC(34) Eden regions: 100->0(109)
[2025-04-25T15:23:08.527+0200][gc,heap       ] GC(34) Survivor regions: 3->3(13)
[2025-04-25T15:23:08.527+0200][gc,heap       ] GC(34) Old regions: 21->21
[2025-04-25T15:23:08.527+0200][gc,heap       ] GC(34) Humongous regions: 129->129
[2025-04-25T15:23:08.527+0200][gc,metaspace  ] GC(34) Metaspace: 45422K(48332K)->45422K(48332K) NonClass: 39713K(41164K)->39713K(41164K) Class: 5709K(7168K)->5709K(7168K)
[2025-04-25T15:23:08.527+0200][gc            ] GC(34) Pause Young (Normal) (G1 Evacuation Pause) 251M->151M(1024M) 3.852ms
[2025-04-25T15:23:08.527+0200][gc,cpu        ] GC(34) User=0.01s Sys=0.00s Real=0.00s
[2025-04-25T15:24:35.201+0200][gc,start      ] GC(35) Pause Young (Normal) (G1 Evacuation Pause)
[2025-04-25T15:24:35.201+0200][gc,task       ] GC(35) Using 8 workers of 8 for evacuation
[2025-04-25T15:24:35.205+0200][gc,phases     ] GC(35)   Pre Evacuate Collection Set: 0.0ms
[2025-04-25T15:24:35.205+0200][gc,phases     ] GC(35)   Evacuate Collection Set: 2.8ms
[2025-04-25T15:24:35.205+0200][gc,phases     ] GC(35)   Post Evacuate Collection Set: 1.2ms
[2025-04-25T15:24:35.205+0200][gc,phases     ] GC(35)   Other: 0.2ms
[2025-04-25T15:24:35.205+0200][gc,heap       ] GC(35) Eden regions: 109->0(116)
[2025-04-25T15:24:35.205+0200][gc,heap       ] GC(35) Survivor regions: 3->3(14)
[2025-04-25T15:24:35.205+0200][gc,heap       ] GC(35) Old regions: 21->21
[2025-04-25T15:24:35.205+0200][gc,heap       ] GC(35) Humongous regions: 129->129
[2025-04-25T15:24:35.205+0200][gc,metaspace  ] GC(35) Metaspace: 45422K(48332K)->45422K(48332K) NonClass: 39713K(41164K)->39713K(41164K) Class: 5709K(7168K)->5709K(7168K)
[2025-04-25T15:24:35.205+0200][gc            ] GC(35) Pause Young (Normal) (G1 Evacuation Pause) 260M->151M(1024M) 4.312ms
[2025-04-25T15:24:35.205+0200][gc,cpu        ] GC(35) User=0.01s Sys=0.01s Real=0.00s
[2025-04-25T15:26:19.386+0200][gc,start      ] GC(36) Pause Young (Normal) (G1 Evacuation Pause)
[2025-04-25T15:26:19.386+0200][gc,task       ] GC(36) Using 8 workers of 8 for evacuation
[2025-04-25T15:26:19.400+0200][gc,phases     ] GC(36)   Pre Evacuate Collection Set: 0.1ms
[2025-04-25T15:26:19.400+0200][gc,phases     ] GC(36)   Evacuate Collection Set: 12.7ms
[2025-04-25T15:26:19.400+0200][gc,phases     ] GC(36)   Post Evacuate Collection Set: 1.1ms
[2025-04-25T15:26:19.400+0200][gc,phases     ] GC(36)   Other: 0.2ms
[2025-04-25T15:26:19.400+0200][gc,heap       ] GC(36) Eden regions: 116->0(125)
[2025-04-25T15:26:19.400+0200][gc,heap       ] GC(36) Survivor regions: 3->3(15)
[2025-04-25T15:26:19.400+0200][gc,heap       ] GC(36) Old regions: 21->21
[2025-04-25T15:26:19.400+0200][gc,heap       ] GC(36) Humongous regions: 129->129
[2025-04-25T15:26:19.400+0200][gc,metaspace  ] GC(36) Metaspace: 45422K(48332K)->45422K(48332K) NonClass: 39713K(41164K)->39713K(41164K) Class: 5709K(7168K)->5709K(7168K)
[2025-04-25T15:26:19.400+0200][gc            ] GC(36) Pause Young (Normal) (G1 Evacuation Pause) 267M->151M(1024M) 14.269ms
[2025-04-25T15:26:19.400+0200][gc,cpu        ] GC(36) User=0.10s Sys=0.01s Real=0.02s
[2025-04-25T15:27:59.630+0200][gc,start      ] GC(37) Pause Young (Normal) (G1 Evacuation Pause)
[2025-04-25T15:27:59.630+0200][gc,task       ] GC(37) Using 8 workers of 8 for evacuation
[2025-04-25T15:27:59.635+0200][gc,phases     ] GC(37)   Pre Evacuate Collection Set: 0.2ms
[2025-04-25T15:27:59.635+0200][gc,phases     ] GC(37)   Evacuate Collection Set: 3.3ms
[2025-04-25T15:27:59.635+0200][gc,phases     ] GC(37)   Post Evacuate Collection Set: 1.1ms
[2025-04-25T15:27:59.635+0200][gc,phases     ] GC(37)   Other: 0.3ms
[2025-04-25T15:27:59.635+0200][gc,heap       ] GC(37) Eden regions: 125->0(135)
[2025-04-25T15:27:59.635+0200][gc,heap       ] GC(37) Survivor regions: 3->3(16)
[2025-04-25T15:27:59.635+0200][gc,heap       ] GC(37) Old regions: 21->21
[2025-04-25T15:27:59.635+0200][gc,heap       ] GC(37) Humongous regions: 129->129
[2025-04-25T15:27:59.635+0200][gc,metaspace  ] GC(37) Metaspace: 45422K(48332K)->45422K(48332K) NonClass: 39713K(41164K)->39713K(41164K) Class: 5709K(7168K)->5709K(7168K)
[2025-04-25T15:27:59.635+0200][gc            ] GC(37) Pause Young (Normal) (G1 Evacuation Pause) 276M->151M(1024M) 5.073ms
[2025-04-25T15:27:59.635+0200][gc,cpu        ] GC(37) User=0.02s Sys=0.01s Real=0.00s
[2025-04-25T15:30:29.913+0200][gc,start      ] GC(38) Pause Young (Normal) (G1 Evacuation Pause)
[2025-04-25T15:30:29.913+0200][gc,task       ] GC(38) Using 8 workers of 8 for evacuation
[2025-04-25T15:30:29.926+0200][gc,phases     ] GC(38)   Pre Evacuate Collection Set: 0.2ms
[2025-04-25T15:30:29.926+0200][gc,phases     ] GC(38)   Evacuate Collection Set: 11.1ms
[2025-04-25T15:30:29.926+0200][gc,phases     ] GC(38)   Post Evacuate Collection Set: 0.8ms
[2025-04-25T15:30:29.926+0200][gc,phases     ] GC(38)   Other: 0.2ms
[2025-04-25T15:30:29.926+0200][gc,heap       ] GC(38) Eden regions: 135->0(146)
[2025-04-25T15:30:29.926+0200][gc,heap       ] GC(38) Survivor regions: 3->4(18)
[2025-04-25T15:30:29.926+0200][gc,heap       ] GC(38) Old regions: 21->21
[2025-04-25T15:30:29.926+0200][gc,heap       ] GC(38) Humongous regions: 129->129
[2025-04-25T15:30:29.926+0200][gc,metaspace  ] GC(38) Metaspace: 45426K(48332K)->45426K(48332K) NonClass: 39717K(41164K)->39717K(41164K) Class: 5709K(7168K)->5709K(7168K)
[2025-04-25T15:30:29.926+0200][gc            ] GC(38) Pause Young (Normal) (G1 Evacuation Pause) 286M->152M(1024M) 12.575ms
[2025-04-25T15:30:29.926+0200][gc,cpu        ] GC(38) User=0.08s Sys=0.00s Real=0.01s
[2025-04-25T15:34:48.516+0200][gc,start      ] GC(39) Pause Young (Normal) (G1 Evacuation Pause)
[2025-04-25T15:34:48.516+0200][gc,task       ] GC(39) Using 8 workers of 8 for evacuation
[2025-04-25T15:34:48.525+0200][gc,phases     ] GC(39)   Pre Evacuate Collection Set: 0.5ms
[2025-04-25T15:34:48.525+0200][gc,phases     ] GC(39)   Evacuate Collection Set: 7.4ms
[2025-04-25T15:34:48.525+0200][gc,phases     ] GC(39)   Post Evacuate Collection Set: 1.5ms
[2025-04-25T15:34:48.525+0200][gc,phases     ] GC(39)   Other: 0.4ms
[2025-04-25T15:34:48.525+0200][gc,heap       ] GC(39) Eden regions: 146->0(152)
[2025-04-25T15:34:48.525+0200][gc,heap       ] GC(39) Survivor regions: 4->4(19)
[2025-04-25T15:34:48.525+0200][gc,heap       ] GC(39) Old regions: 21->21
[2025-04-25T15:34:48.525+0200][gc,heap       ] GC(39) Humongous regions: 129->129
[2025-04-25T15:34:48.525+0200][gc,metaspace  ] GC(39) Metaspace: 45430K(48588K)->45430K(48588K) NonClass: 39721K(41420K)->39721K(41420K) Class: 5709K(7168K)->5709K(7168K)
[2025-04-25T15:34:48.525+0200][gc            ] GC(39) Pause Young (Normal) (G1 Evacuation Pause) 298M->152M(1024M) 9.896ms
[2025-04-25T15:34:48.526+0200][gc,cpu        ] GC(39) User=0.05s Sys=0.00s Real=0.01s
[2025-04-25T15:39:15.702+0200][gc,start      ] GC(40) Pause Young (Normal) (G1 Evacuation Pause)
[2025-04-25T15:39:15.703+0200][gc,task       ] GC(40) Using 8 workers of 8 for evacuation
[2025-04-25T15:39:15.718+0200][gc,phases     ] GC(40)   Pre Evacuate Collection Set: 0.5ms
[2025-04-25T15:39:15.718+0200][gc,phases     ] GC(40)   Evacuate Collection Set: 12.5ms
[2025-04-25T15:39:15.718+0200][gc,phases     ] GC(40)   Post Evacuate Collection Set: 1.8ms
[2025-04-25T15:39:15.718+0200][gc,phases     ] GC(40)   Other: 0.5ms
[2025-04-25T15:39:15.718+0200][gc,heap       ] GC(40) Eden regions: 152->0(147)
[2025-04-25T15:39:15.718+0200][gc,heap       ] GC(40) Survivor regions: 4->4(20)
[2025-04-25T15:39:15.718+0200][gc,heap       ] GC(40) Old regions: 21->21
[2025-04-25T15:39:15.718+0200][gc,heap       ] GC(40) Humongous regions: 129->129
[2025-04-25T15:39:15.718+0200][gc,metaspace  ] GC(40) Metaspace: 45432K(48588K)->45432K(48588K) NonClass: 39723K(41420K)->39723K(41420K) Class: 5709K(7168K)->5709K(7168K)
[2025-04-25T15:39:15.718+0200][gc            ] GC(40) Pause Young (Normal) (G1 Evacuation Pause) 304M->152M(1024M) 15.530ms
[2025-04-25T15:39:15.718+0200][gc,cpu        ] GC(40) User=0.09s Sys=0.01s Real=0.01s
[2025-04-25T15:44:10.898+0200][gc,start      ] GC(41) Pause Young (Normal) (G1 Evacuation Pause)
[2025-04-25T15:44:10.898+0200][gc,task       ] GC(41) Using 8 workers of 8 for evacuation
[2025-04-25T15:44:10.904+0200][gc,phases     ] GC(41)   Pre Evacuate Collection Set: 0.1ms
[2025-04-25T15:44:10.904+0200][gc,phases     ] GC(41)   Evacuate Collection Set: 4.1ms
[2025-04-25T15:44:10.904+0200][gc,phases     ] GC(41)   Post Evacuate Collection Set: 1.1ms
[2025-04-25T15:44:10.904+0200][gc,phases     ] GC(41)   Other: 0.2ms
[2025-04-25T15:44:10.904+0200][gc,heap       ] GC(41) Eden regions: 147->0(157)
[2025-04-25T15:44:10.904+0200][gc,heap       ] GC(41) Survivor regions: 4->5(19)
[2025-04-25T15:44:10.904+0200][gc,heap       ] GC(41) Old regions: 21->21
[2025-04-25T15:44:10.904+0200][gc,heap       ] GC(41) Humongous regions: 129->129
[2025-04-25T15:44:10.904+0200][gc,metaspace  ] GC(41) Metaspace: 45433K(48588K)->45433K(48588K) NonClass: 39724K(41420K)->39724K(41420K) Class: 5709K(7168K)->5709K(7168K)
[2025-04-25T15:44:10.904+0200][gc            ] GC(41) Pause Young (Normal) (G1 Evacuation Pause) 299M->152M(1024M) 5.667ms
[2025-04-25T15:44:10.904+0200][gc,cpu        ] GC(41) User=0.02s Sys=0.00s Real=0.01s
[2025-04-25T15:48:39.496+0200][gc,start      ] GC(42) Pause Young (Normal) (G1 Evacuation Pause)
[2025-04-25T15:48:39.496+0200][gc,task       ] GC(42) Using 8 workers of 8 for evacuation
[2025-04-25T15:48:39.513+0200][gc,phases     ] GC(42)   Pre Evacuate Collection Set: 0.2ms
[2025-04-25T15:48:39.513+0200][gc,phases     ] GC(42)   Evacuate Collection Set: 15.6ms
[2025-04-25T15:48:39.513+0200][gc,phases     ] GC(42)   Post Evacuate Collection Set: 1.3ms
[2025-04-25T15:48:39.513+0200][gc,phases     ] GC(42)   Other: 0.4ms
[2025-04-25T15:48:39.513+0200][gc,heap       ] GC(42) Eden regions: 157->0(157)
[2025-04-25T15:48:39.513+0200][gc,heap       ] GC(42) Survivor regions: 5->5(21)
[2025-04-25T15:48:39.513+0200][gc,heap       ] GC(42) Old regions: 21->21
[2025-04-25T15:48:39.513+0200][gc,heap       ] GC(42) Humongous regions: 129->129
[2025-04-25T15:48:39.513+0200][gc,metaspace  ] GC(42) Metaspace: 45433K(48588K)->45433K(48588K) NonClass: 39724K(41420K)->39724K(41420K) Class: 5709K(7168K)->5709K(7168K)
[2025-04-25T15:48:39.513+0200][gc            ] GC(42) Pause Young (Normal) (G1 Evacuation Pause) 309M->153M(1024M) 17.651ms
[2025-04-25T15:48:39.513+0200][gc,cpu        ] GC(42) User=0.12s Sys=0.00s Real=0.02s
[2025-04-25T15:53:45.633+0200][gc,start      ] GC(43) Pause Young (Normal) (G1 Evacuation Pause)
[2025-04-25T15:53:45.633+0200][gc,task       ] GC(43) Using 8 workers of 8 for evacuation
[2025-04-25T15:53:45.646+0200][gc,phases     ] GC(43)   Pre Evacuate Collection Set: 0.3ms
[2025-04-25T15:53:45.646+0200][gc,phases     ] GC(43)   Evacuate Collection Set: 11.0ms
[2025-04-25T15:53:45.646+0200][gc,phases     ] GC(43)   Post Evacuate Collection Set: 1.8ms
[2025-04-25T15:53:45.646+0200][gc,phases     ] GC(43)   Other: 0.3ms
[2025-04-25T15:53:45.646+0200][gc,heap       ] GC(43) Eden regions: 157->0(164)
[2025-04-25T15:53:45.646+0200][gc,heap       ] GC(43) Survivor regions: 5->6(21)
[2025-04-25T15:53:45.646+0200][gc,heap       ] GC(43) Old regions: 21->21
[2025-04-25T15:53:45.646+0200][gc,heap       ] GC(43) Humongous regions: 129->129
[2025-04-25T15:53:45.646+0200][gc,metaspace  ] GC(43) Metaspace: 45433K(48588K)->45433K(48588K) NonClass: 39724K(41420K)->39724K(41420K) Class: 5709K(7168K)->5709K(7168K)
[2025-04-25T15:53:45.646+0200][gc            ] GC(43) Pause Young (Normal) (G1 Evacuation Pause) 310M->154M(1024M) 13.577ms
[2025-04-25T15:53:45.646+0200][gc,cpu        ] GC(43) User=0.08s Sys=0.01s Real=0.01s
[2025-04-25T15:58:49.408+0200][gc,start      ] GC(44) Pause Young (Normal) (G1 Evacuation Pause)
[2025-04-25T15:58:49.408+0200][gc,task       ] GC(44) Using 8 workers of 8 for evacuation
[2025-04-25T15:58:49.418+0200][gc,phases     ] GC(44)   Pre Evacuate Collection Set: 0.2ms
[2025-04-25T15:58:49.418+0200][gc,phases     ] GC(44)   Evacuate Collection Set: 8.8ms
[2025-04-25T15:58:49.418+0200][gc,phases     ] GC(44)   Post Evacuate Collection Set: 0.8ms
[2025-04-25T15:58:49.418+0200][gc,phases     ] GC(44)   Other: 0.4ms
[2025-04-25T15:58:49.418+0200][gc,heap       ] GC(44) Eden regions: 164->0(214)
[2025-04-25T15:58:49.418+0200][gc,heap       ] GC(44) Survivor regions: 6->6(22)
[2025-04-25T15:58:49.418+0200][gc,heap       ] GC(44) Old regions: 21->21
[2025-04-25T15:58:49.418+0200][gc,heap       ] GC(44) Humongous regions: 129->129
[2025-04-25T15:58:49.418+0200][gc,metaspace  ] GC(44) Metaspace: 45433K(48588K)->45433K(48588K) NonClass: 39724K(41420K)->39724K(41420K) Class: 5709K(7168K)->5709K(7168K)
[2025-04-25T15:58:49.418+0200][gc            ] GC(44) Pause Young (Normal) (G1 Evacuation Pause) 318M->154M(1024M) 10.204ms
[2025-04-25T15:58:49.418+0200][gc,cpu        ] GC(44) User=0.00s Sys=0.07s Real=0.01s
[2025-04-25T16:03:56.353+0200][gc,start      ] GC(45) Pause Young (Normal) (G1 Evacuation Pause)
[2025-04-25T16:03:56.353+0200][gc,task       ] GC(45) Using 8 workers of 8 for evacuation
[2025-04-25T16:03:56.366+0200][gc,phases     ] GC(45)   Pre Evacuate Collection Set: 0.2ms
[2025-04-25T16:03:56.366+0200][gc,phases     ] GC(45)   Evacuate Collection Set: 10.6ms
[2025-04-25T16:03:56.366+0200][gc,phases     ] GC(45)   Post Evacuate Collection Set: 1.8ms
[2025-04-25T16:03:56.366+0200][gc,phases     ] GC(45)   Other: 0.4ms
[2025-04-25T16:03:56.366+0200][gc,heap       ] GC(45) Eden regions: 214->0(232)
[2025-04-25T16:03:56.366+0200][gc,heap       ] GC(45) Survivor regions: 6->6(28)
[2025-04-25T16:03:56.366+0200][gc,heap       ] GC(45) Old regions: 21->21
[2025-04-25T16:03:56.366+0200][gc,heap       ] GC(45) Humongous regions: 129->129
[2025-04-25T16:03:56.366+0200][gc,metaspace  ] GC(45) Metaspace: 45434K(48588K)->45434K(48588K) NonClass: 39724K(41420K)->39724K(41420K) Class: 5709K(7168K)->5709K(7168K)
[2025-04-25T16:03:56.367+0200][gc            ] GC(45) Pause Young (Normal) (G1 Evacuation Pause) 368M->154M(1024M) 13.148ms
[2025-04-25T16:03:56.367+0200][gc,cpu        ] GC(45) User=0.07s Sys=0.02s Real=0.01s
[2025-04-25T16:08:33.463+0200][gc,start      ] GC(46) Pause Young (Normal) (G1 Evacuation Pause)
[2025-04-25T16:08:33.463+0200][gc,task       ] GC(46) Using 8 workers of 8 for evacuation
[2025-04-25T16:08:33.481+0200][gc,phases     ] GC(46)   Pre Evacuate Collection Set: 0.2ms
[2025-04-25T16:08:33.481+0200][gc,phases     ] GC(46)   Evacuate Collection Set: 16.1ms
[2025-04-25T16:08:33.481+0200][gc,phases     ] GC(46)   Post Evacuate Collection Set: 1.2ms
[2025-04-25T16:08:33.481+0200][gc,phases     ] GC(46)   Other: 0.2ms
[2025-04-25T16:08:33.481+0200][gc,heap       ] GC(46) Eden regions: 232->0(252)
[2025-04-25T16:08:33.481+0200][gc,heap       ] GC(46) Survivor regions: 6->6(30)
[2025-04-25T16:08:33.481+0200][gc,heap       ] GC(46) Old regions: 21->22
[2025-04-25T16:08:33.481+0200][gc,heap       ] GC(46) Humongous regions: 129->129
[2025-04-25T16:08:33.481+0200][gc,metaspace  ] GC(46) Metaspace: 45461K(48588K)->45461K(48588K) NonClass: 39751K(41420K)->39751K(41420K) Class: 5709K(7168K)->5709K(7168K)
[2025-04-25T16:08:33.481+0200][gc            ] GC(46) Pause Young (Normal) (G1 Evacuation Pause) 386M->154M(1024M) 17.867ms
[2025-04-25T16:08:33.481+0200][gc,cpu        ] GC(46) User=0.10s Sys=0.02s Real=0.02s
[2025-04-25T16:14:34.746+0200][gc,start      ] GC(47) Pause Young (Normal) (G1 Evacuation Pause)
[2025-04-25T16:14:34.746+0200][gc,task       ] GC(47) Using 8 workers of 8 for evacuation
[2025-04-25T16:14:34.754+0200][gc,phases     ] GC(47)   Pre Evacuate Collection Set: 0.1ms
[2025-04-25T16:14:34.754+0200][gc,phases     ] GC(47)   Evacuate Collection Set: 6.3ms
[2025-04-25T16:14:34.754+0200][gc,phases     ] GC(47)   Post Evacuate Collection Set: 1.2ms
[2025-04-25T16:14:34.754+0200][gc,phases     ] GC(47)   Other: 0.3ms
[2025-04-25T16:14:34.754+0200][gc,heap       ] GC(47) Eden regions: 252->0(292)
[2025-04-25T16:14:34.754+0200][gc,heap       ] GC(47) Survivor regions: 6->6(33)
[2025-04-25T16:14:34.754+0200][gc,heap       ] GC(47) Old regions: 22->22
[2025-04-25T16:14:34.754+0200][gc,heap       ] GC(47) Humongous regions: 129->129
[2025-04-25T16:14:34.754+0200][gc,metaspace  ] GC(47) Metaspace: 45461K(48588K)->45461K(48588K) NonClass: 39751K(41420K)->39751K(41420K) Class: 5709K(7168K)->5709K(7168K)
[2025-04-25T16:14:34.754+0200][gc            ] GC(47) Pause Young (Normal) (G1 Evacuation Pause) 406M->154M(1024M) 8.046ms
[2025-04-25T16:14:34.754+0200][gc,cpu        ] GC(47) User=0.03s Sys=0.01s Real=0.01s
[2025-04-25T16:21:58.868+0200][gc,start      ] GC(48) Pause Young (Normal) (G1 Evacuation Pause)
[2025-04-25T16:21:58.868+0200][gc,task       ] GC(48) Using 8 workers of 8 for evacuation
[2025-04-25T16:21:58.880+0200][gc,phases     ] GC(48)   Pre Evacuate Collection Set: 0.0ms
[2025-04-25T16:21:58.880+0200][gc,phases     ] GC(48)   Evacuate Collection Set: 9.9ms
[2025-04-25T16:21:58.880+0200][gc,phases     ] GC(48)   Post Evacuate Collection Set: 1.8ms
[2025-04-25T16:21:58.880+0200][gc,phases     ] GC(48)   Other: 0.4ms
[2025-04-25T16:21:58.880+0200][gc,heap       ] GC(48) Eden regions: 292->0(378)
[2025-04-25T16:21:58.880+0200][gc,heap       ] GC(48) Survivor regions: 6->6(38)
[2025-04-25T16:21:58.880+0200][gc,heap       ] GC(48) Old regions: 22->22
[2025-04-25T16:21:58.880+0200][gc,heap       ] GC(48) Humongous regions: 129->129
[2025-04-25T16:21:58.880+0200][gc,metaspace  ] GC(48) Metaspace: 45462K(48588K)->45462K(48588K) NonClass: 39753K(41420K)->39753K(41420K) Class: 5709K(7168K)->5709K(7168K)
[2025-04-25T16:21:58.880+0200][gc            ] GC(48) Pause Young (Normal) (G1 Evacuation Pause) 446M->154M(1024M) 12.159ms
[2025-04-25T16:21:58.880+0200][gc,cpu        ] GC(48) User=0.04s Sys=0.03s Real=0.02s
[2025-04-25T16:31:39.747+0200][gc,start      ] GC(49) Pause Young (Normal) (G1 Evacuation Pause)
[2025-04-25T16:31:39.747+0200][gc,task       ] GC(49) Using 8 workers of 8 for evacuation
[2025-04-25T16:31:39.771+0200][gc,mmu        ] GC(49) MMU target violated: 21.0ms (20.0ms/21.0ms)
[2025-04-25T16:31:39.771+0200][gc,phases     ] GC(49)   Pre Evacuate Collection Set: 0.2ms
[2025-04-25T16:31:39.771+0200][gc,phases     ] GC(49)   Evacuate Collection Set: 20.0ms
[2025-04-25T16:31:39.771+0200][gc,phases     ] GC(49)   Post Evacuate Collection Set: 4.0ms
[2025-04-25T16:31:39.771+0200][gc,phases     ] GC(49)   Other: 0.5ms
[2025-04-25T16:31:39.771+0200][gc,heap       ] GC(49) Eden regions: 378->0(468)
[2025-04-25T16:31:39.771+0200][gc,heap       ] GC(49) Survivor regions: 6->6(48)
[2025-04-25T16:31:39.772+0200][gc,heap       ] GC(49) Old regions: 22->22
[2025-04-25T16:31:39.772+0200][gc,heap       ] GC(49) Humongous regions: 129->129
[2025-04-25T16:31:39.772+0200][gc,metaspace  ] GC(49) Metaspace: 45465K(48588K)->45465K(48588K) NonClass: 39756K(41420K)->39756K(41420K) Class: 5709K(7168K)->5709K(7168K)
[2025-04-25T16:31:39.772+0200][gc            ] GC(49) Pause Young (Normal) (G1 Evacuation Pause) 532M->154M(1024M) 24.997ms
[2025-04-25T16:31:39.772+0200][gc,cpu        ] GC(49) User=0.08s Sys=0.05s Real=0.03s
[2025-04-25T16:44:00.227+0200][gc,start      ] GC(50) Pause Young (Normal) (G1 Evacuation Pause)
[2025-04-25T16:44:00.227+0200][gc,task       ] GC(50) Using 8 workers of 8 for evacuation
[2025-04-25T16:44:00.237+0200][gc,phases     ] GC(50)   Pre Evacuate Collection Set: 0.1ms
[2025-04-25T16:44:00.237+0200][gc,phases     ] GC(50)   Evacuate Collection Set: 7.5ms
[2025-04-25T16:44:00.237+0200][gc,phases     ] GC(50)   Post Evacuate Collection Set: 2.0ms
[2025-04-25T16:44:00.237+0200][gc,phases     ] GC(50)   Other: 0.3ms
[2025-04-25T16:44:00.237+0200][gc,heap       ] GC(50) Eden regions: 468->0(548)
[2025-04-25T16:44:00.237+0200][gc,heap       ] GC(50) Survivor regions: 6->6(60)
[2025-04-25T16:44:00.237+0200][gc,heap       ] GC(50) Old regions: 22->22
[2025-04-25T16:44:00.237+0200][gc,heap       ] GC(50) Humongous regions: 129->129
[2025-04-25T16:44:00.237+0200][gc,metaspace  ] GC(50) Metaspace: 45466K(48588K)->45466K(48588K) NonClass: 39757K(41420K)->39757K(41420K) Class: 5709K(7168K)->5709K(7168K)
[2025-04-25T16:44:00.237+0200][gc            ] GC(50) Pause Young (Normal) (G1 Evacuation Pause) 622M->154M(1024M) 10.002ms
[2025-04-25T16:44:00.237+0200][gc,cpu        ] GC(50) User=0.01s Sys=0.05s Real=0.01s
[2025-04-25T16:57:23.836+0200][gc,start      ] GC(51) Pause Young (Normal) (G1 Evacuation Pause)
[2025-04-25T16:57:23.836+0200][gc,task       ] GC(51) Using 8 workers of 8 for evacuation
[2025-04-25T16:57:23.849+0200][gc,phases     ] GC(51)   Pre Evacuate Collection Set: 0.1ms
[2025-04-25T16:57:23.849+0200][gc,phases     ] GC(51)   Evacuate Collection Set: 9.6ms
[2025-04-25T16:57:23.849+0200][gc,phases     ] GC(51)   Post Evacuate Collection Set: 2.1ms
[2025-04-25T16:57:23.849+0200][gc,phases     ] GC(51)   Other: 0.6ms
[2025-04-25T16:57:23.849+0200][gc,heap       ] GC(51) Eden regions: 548->0(608)
[2025-04-25T16:57:23.849+0200][gc,heap       ] GC(51) Survivor regions: 6->6(70)
[2025-04-25T16:57:23.849+0200][gc,heap       ] GC(51) Old regions: 22->22
[2025-04-25T16:57:23.849+0200][gc,heap       ] GC(51) Humongous regions: 129->129
[2025-04-25T16:57:23.849+0200][gc,metaspace  ] GC(51) Metaspace: 45466K(48588K)->45466K(48588K) NonClass: 39757K(41420K)->39757K(41420K) Class: 5709K(7168K)->5709K(7168K)
[2025-04-25T16:57:23.849+0200][gc            ] GC(51) Pause Young (Normal) (G1 Evacuation Pause) 702M->154M(1024M) 12.466ms
[2025-04-25T16:57:23.849+0200][gc,cpu        ] GC(51) User=0.02s Sys=0.06s Real=0.01s
[2025-04-25T17:10:53.849+0200][gc,start      ] GC(52) Pause Young (Normal) (G1 Evacuation Pause)
[2025-04-25T17:10:53.849+0200][gc,task       ] GC(52) Using 8 workers of 8 for evacuation
[2025-04-25T17:10:53.859+0200][gc,phases     ] GC(52)   Pre Evacuate Collection Set: 0.1ms
[2025-04-25T17:10:53.859+0200][gc,phases     ] GC(52)   Evacuate Collection Set: 6.8ms
[2025-04-25T17:10:53.859+0200][gc,phases     ] GC(52)   Post Evacuate Collection Set: 2.9ms
[2025-04-25T17:10:53.859+0200][gc,phases     ] GC(52)   Other: 0.3ms
[2025-04-25T17:10:53.859+0200][gc,heap       ] GC(52) Eden regions: 608->0(608)
[2025-04-25T17:10:53.859+0200][gc,heap       ] GC(52) Survivor regions: 6->6(77)
[2025-04-25T17:10:53.859+0200][gc,heap       ] GC(52) Old regions: 22->22
[2025-04-25T17:10:53.859+0200][gc,heap       ] GC(52) Humongous regions: 129->129
[2025-04-25T17:10:53.859+0200][gc,metaspace  ] GC(52) Metaspace: 45467K(48588K)->45467K(48588K) NonClass: 39757K(41420K)->39757K(41420K) Class: 5709K(7168K)->5709K(7168K)
[2025-04-25T17:10:53.859+0200][gc            ] GC(52) Pause Young (Normal) (G1 Evacuation Pause) 762M->154M(1024M) 10.183ms
[2025-04-25T17:10:53.859+0200][gc,cpu        ] GC(52) User=0.04s Sys=0.02s Real=0.01s
[2025-04-25T17:24:34.747+0200][gc,start      ] GC(53) Pause Young (Normal) (G1 Evacuation Pause)
[2025-04-25T17:24:34.747+0200][gc,task       ] GC(53) Using 8 workers of 8 for evacuation
[2025-04-25T17:24:34.760+0200][gc,phases     ] GC(53)   Pre Evacuate Collection Set: 0.1ms
[2025-04-25T17:24:34.760+0200][gc,phases     ] GC(53)   Evacuate Collection Set: 10.4ms
[2025-04-25T17:24:34.760+0200][gc,phases     ] GC(53)   Post Evacuate Collection Set: 2.2ms
[2025-04-25T17:24:34.760+0200][gc,phases     ] GC(53)   Other: 0.2ms
[2025-04-25T17:24:34.760+0200][gc,heap       ] GC(53) Eden regions: 608->0(609)
[2025-04-25T17:24:34.760+0200][gc,heap       ] GC(53) Survivor regions: 6->5(77)
[2025-04-25T17:24:34.760+0200][gc,heap       ] GC(53) Old regions: 22->22
[2025-04-25T17:24:34.760+0200][gc,heap       ] GC(53) Humongous regions: 129->129
[2025-04-25T17:24:34.760+0200][gc,metaspace  ] GC(53) Metaspace: 45471K(48588K)->45471K(48588K) NonClass: 39762K(41420K)->39762K(41420K) Class: 5709K(7168K)->5709K(7168K)
[2025-04-25T17:24:34.760+0200][gc            ] GC(53) Pause Young (Normal) (G1 Evacuation Pause) 762M->154M(1024M) 13.018ms
[2025-04-25T17:24:34.760+0200][gc,cpu        ] GC(53) User=0.08s Sys=0.01s Real=0.02s
[2025-04-25T17:38:40.800+0200][gc,start      ] GC(54) Pause Young (Normal) (G1 Evacuation Pause)
[2025-04-25T17:38:40.800+0200][gc,task       ] GC(54) Using 8 workers of 8 for evacuation
[2025-04-25T17:38:40.808+0200][gc,phases     ] GC(54)   Pre Evacuate Collection Set: 0.1ms
[2025-04-25T17:38:40.808+0200][gc,phases     ] GC(54)   Evacuate Collection Set: 5.9ms
[2025-04-25T17:38:40.808+0200][gc,phases     ] GC(54)   Post Evacuate Collection Set: 1.8ms
[2025-04-25T17:38:40.808+0200][gc,phases     ] GC(54)   Other: 0.3ms
[2025-04-25T17:38:40.808+0200][gc,heap       ] GC(54) Eden regions: 609->0(609)
[2025-04-25T17:38:40.808+0200][gc,heap       ] GC(54) Survivor regions: 5->5(77)
[2025-04-25T17:38:40.808+0200][gc,heap       ] GC(54) Old regions: 22->22
[2025-04-25T17:38:40.808+0200][gc,heap       ] GC(54) Humongous regions: 129->129
[2025-04-25T17:38:40.808+0200][gc,metaspace  ] GC(54) Metaspace: 45475K(48588K)->45475K(48588K) NonClass: 39765K(41420K)->39765K(41420K) Class: 5709K(7168K)->5709K(7168K)
[2025-04-25T17:38:40.808+0200][gc            ] GC(54) Pause Young (Normal) (G1 Evacuation Pause) 763M->154M(1024M) 8.239ms
[2025-04-25T17:38:40.808+0200][gc,cpu        ] GC(54) User=0.03s Sys=0.01s Real=0.00s
[2025-04-25T17:52:56.789+0200][gc,start      ] GC(55) Pause Young (Normal) (G1 Evacuation Pause)
[2025-04-25T17:52:56.789+0200][gc,task       ] GC(55) Using 8 workers of 8 for evacuation
[2025-04-25T17:52:56.811+0200][gc,mmu        ] GC(55) MMU target violated: 21.0ms (20.0ms/21.0ms)
[2025-04-25T17:52:56.811+0200][gc,phases     ] GC(55)   Pre Evacuate Collection Set: 0.1ms
[2025-04-25T17:52:56.811+0200][gc,phases     ] GC(55)   Evacuate Collection Set: 17.6ms
[2025-04-25T17:52:56.811+0200][gc,phases     ] GC(55)   Post Evacuate Collection Set: 3.6ms
[2025-04-25T17:52:56.811+0200][gc,phases     ] GC(55)   Other: 0.6ms
[2025-04-25T17:52:56.811+0200][gc,heap       ] GC(55) Eden regions: 609->0(609)
[2025-04-25T17:52:56.811+0200][gc,heap       ] GC(55) Survivor regions: 5->5(77)
[2025-04-25T17:52:56.811+0200][gc,heap       ] GC(55) Old regions: 22->23
[2025-04-25T17:52:56.811+0200][gc,heap       ] GC(55) Humongous regions: 129->129
[2025-04-25T17:52:56.811+0200][gc,metaspace  ] GC(55) Metaspace: 45475K(48588K)->45475K(48588K) NonClass: 39765K(41420K)->39765K(41420K) Class: 5709K(7168K)->5709K(7168K)
[2025-04-25T17:52:56.812+0200][gc            ] GC(55) Pause Young (Normal) (G1 Evacuation Pause) 763M->154M(1024M) 22.155ms
[2025-04-25T17:52:56.812+0200][gc,cpu        ] GC(55) User=0.12s Sys=0.02s Real=0.02s
[2025-04-25T18:08:13.675+0200][gc,start      ] GC(56) Pause Young (Normal) (G1 Evacuation Pause)
[2025-04-25T18:08:13.675+0200][gc,task       ] GC(56) Using 8 workers of 8 for evacuation
[2025-04-25T18:08:13.688+0200][gc,phases     ] GC(56)   Pre Evacuate Collection Set: 0.1ms
[2025-04-25T18:08:13.688+0200][gc,phases     ] GC(56)   Evacuate Collection Set: 10.9ms
[2025-04-25T18:08:13.688+0200][gc,phases     ] GC(56)   Post Evacuate Collection Set: 1.7ms
[2025-04-25T18:08:13.688+0200][gc,phases     ] GC(56)   Other: 0.2ms
[2025-04-25T18:08:13.688+0200][gc,heap       ] GC(56) Eden regions: 609->0(609)
[2025-04-25T18:08:13.688+0200][gc,heap       ] GC(56) Survivor regions: 5->5(77)
[2025-04-25T18:08:13.688+0200][gc,heap       ] GC(56) Old regions: 23->23
[2025-04-25T18:08:13.688+0200][gc,heap       ] GC(56) Humongous regions: 129->129
[2025-04-25T18:08:13.688+0200][gc,metaspace  ] GC(56) Metaspace: 45475K(48588K)->45475K(48588K) NonClass: 39765K(41420K)->39765K(41420K) Class: 5709K(7168K)->5709K(7168K)
[2025-04-25T18:08:13.688+0200][gc            ] GC(56) Pause Young (Normal) (G1 Evacuation Pause) 763M->154M(1024M) 12.958ms
[2025-04-25T18:08:13.688+0200][gc,cpu        ] GC(56) User=0.08s Sys=0.00s Real=0.01s
[2025-04-25T18:20:46.566+0200][gc,start      ] GC(57) Pause Young (Normal) (G1 Evacuation Pause)
[2025-04-25T18:20:46.566+0200][gc,task       ] GC(57) Using 8 workers of 8 for evacuation
[2025-04-25T18:20:46.579+0200][gc,phases     ] GC(57)   Pre Evacuate Collection Set: 0.1ms
[2025-04-25T18:20:46.579+0200][gc,phases     ] GC(57)   Evacuate Collection Set: 10.7ms
[2025-04-25T18:20:46.579+0200][gc,phases     ] GC(57)   Post Evacuate Collection Set: 1.5ms
[2025-04-25T18:20:46.579+0200][gc,phases     ] GC(57)   Other: 0.3ms
[2025-04-25T18:20:46.579+0200][gc,heap       ] GC(57) Eden regions: 609->0(609)
[2025-04-25T18:20:46.579+0200][gc,heap       ] GC(57) Survivor regions: 5->5(77)
[2025-04-25T18:20:46.579+0200][gc,heap       ] GC(57) Old regions: 23->23
[2025-04-25T18:20:46.579+0200][gc,heap       ] GC(57) Humongous regions: 129->129
[2025-04-25T18:20:46.579+0200][gc,metaspace  ] GC(57) Metaspace: 45484K(48588K)->45484K(48588K) NonClass: 39774K(41420K)->39774K(41420K) Class: 5709K(7168K)->5709K(7168K)
[2025-04-25T18:20:46.579+0200][gc            ] GC(57) Pause Young (Normal) (G1 Evacuation Pause) 763M->154M(1024M) 12.776ms
[2025-04-25T18:20:46.579+0200][gc,cpu        ] GC(57) User=0.08s Sys=0.01s Real=0.01s
[2025-04-25T18:36:20.572+0200][gc,start      ] GC(58) Pause Young (Normal) (G1 Evacuation Pause)
[2025-04-25T18:36:20.572+0200][gc,task       ] GC(58) Using 8 workers of 8 for evacuation
[2025-04-25T18:36:20.603+0200][gc,mmu        ] GC(58) MMU target violated: 21.0ms (20.0ms/21.0ms)
[2025-04-25T18:36:20.603+0200][gc,phases     ] GC(58)   Pre Evacuate Collection Set: 0.3ms
[2025-04-25T18:36:20.603+0200][gc,phases     ] GC(58)   Evacuate Collection Set: 27.3ms
[2025-04-25T18:36:20.603+0200][gc,phases     ] GC(58)   Post Evacuate Collection Set: 2.7ms
[2025-04-25T18:36:20.603+0200][gc,phases     ] GC(58)   Other: 0.6ms
[2025-04-25T18:36:20.603+0200][gc,heap       ] GC(58) Eden regions: 609->0(610)
[2025-04-25T18:36:20.603+0200][gc,heap       ] GC(58) Survivor regions: 5->4(77)
[2025-04-25T18:36:20.603+0200][gc,heap       ] GC(58) Old regions: 23->24
[2025-04-25T18:36:20.603+0200][gc,heap       ] GC(58) Humongous regions: 129->129
[2025-04-25T18:36:20.603+0200][gc,metaspace  ] GC(58) Metaspace: 45486K(48588K)->45486K(48588K) NonClass: 39777K(41420K)->39777K(41420K) Class: 5709K(7168K)->5709K(7168K)
[2025-04-25T18:36:20.603+0200][gc            ] GC(58) Pause Young (Normal) (G1 Evacuation Pause) 763M->154M(1024M) 30.883ms
[2025-04-25T18:36:20.603+0200][gc,cpu        ] GC(58) User=0.13s Sys=0.07s Real=0.03s
[2025-04-25T18:52:13.959+0200][gc,start      ] GC(59) Pause Young (Normal) (G1 Evacuation Pause)
[2025-04-25T18:52:13.959+0200][gc,task       ] GC(59) Using 8 workers of 8 for evacuation
[2025-04-25T18:52:13.970+0200][gc,phases     ] GC(59)   Pre Evacuate Collection Set: 0.2ms
[2025-04-25T18:52:13.970+0200][gc,phases     ] GC(59)   Evacuate Collection Set: 8.5ms
[2025-04-25T18:52:13.970+0200][gc,phases     ] GC(59)   Post Evacuate Collection Set: 2.4ms
[2025-04-25T18:52:13.970+0200][gc,phases     ] GC(59)   Other: 0.6ms
[2025-04-25T18:52:13.970+0200][gc,heap       ] GC(59) Eden regions: 610->0(610)
[2025-04-25T18:52:13.970+0200][gc,heap       ] GC(59) Survivor regions: 4->4(77)
[2025-04-25T18:52:13.970+0200][gc,heap       ] GC(59) Old regions: 24->24
[2025-04-25T18:52:13.970+0200][gc,heap       ] GC(59) Humongous regions: 129->129
[2025-04-25T18:52:13.970+0200][gc,metaspace  ] GC(59) Metaspace: 45487K(48588K)->45487K(48588K) NonClass: 39777K(41420K)->39777K(41420K) Class: 5709K(7168K)->5709K(7168K)
[2025-04-25T18:52:13.970+0200][gc            ] GC(59) Pause Young (Normal) (G1 Evacuation Pause) 764M->154M(1024M) 11.881ms
[2025-04-25T18:52:13.971+0200][gc,cpu        ] GC(59) User=0.07s Sys=0.00s Real=0.01s
[2025-04-25T19:18:39.443+0200][gc,start      ] GC(60) Pause Young (Normal) (G1 Evacuation Pause)
[2025-04-25T19:18:39.444+0200][gc,task       ] GC(60) Using 8 workers of 8 for evacuation
[2025-04-25T19:18:39.451+0200][gc,phases     ] GC(60)   Pre Evacuate Collection Set: 0.2ms
[2025-04-25T19:18:39.451+0200][gc,phases     ] GC(60)   Evacuate Collection Set: 5.5ms
[2025-04-25T19:18:39.451+0200][gc,phases     ] GC(60)   Post Evacuate Collection Set: 1.4ms
[2025-04-25T19:18:39.451+0200][gc,phases     ] GC(60)   Other: 0.4ms
[2025-04-25T19:18:39.451+0200][gc,heap       ] GC(60) Eden regions: 610->0(610)
[2025-04-25T19:18:39.451+0200][gc,heap       ] GC(60) Survivor regions: 4->4(77)
[2025-04-25T19:18:39.451+0200][gc,heap       ] GC(60) Old regions: 24->24
[2025-04-25T19:18:39.451+0200][gc,heap       ] GC(60) Humongous regions: 129->129
[2025-04-25T19:18:39.451+0200][gc,metaspace  ] GC(60) Metaspace: 45488K(48588K)->45488K(48588K) NonClass: 39779K(41420K)->39779K(41420K) Class: 5709K(7168K)->5709K(7168K)
[2025-04-25T19:18:39.451+0200][gc            ] GC(60) Pause Young (Normal) (G1 Evacuation Pause) 764M->154M(1024M) 7.406ms
[2025-04-25T19:18:39.451+0200][gc,cpu        ] GC(60) User=0.02s Sys=0.02s Real=0.00s
[2025-04-25T19:25:21.410+0200][gc,start      ] GC(61) Pause Young (Normal) (G1 Evacuation Pause)
[2025-04-25T19:25:21.411+0200][gc,task       ] GC(61) Using 8 workers of 8 for evacuation
[2025-04-25T19:25:21.426+0200][gc,phases     ] GC(61)   Pre Evacuate Collection Set: 0.2ms
[2025-04-25T19:25:21.426+0200][gc,phases     ] GC(61)   Evacuate Collection Set: 12.6ms
[2025-04-25T19:25:21.426+0200][gc,phases     ] GC(61)   Post Evacuate Collection Set: 2.4ms
[2025-04-25T19:25:21.426+0200][gc,phases     ] GC(61)   Other: 0.7ms
[2025-04-25T19:25:21.426+0200][gc,heap       ] GC(61) Eden regions: 610->0(609)
[2025-04-25T19:25:21.426+0200][gc,heap       ] GC(61) Survivor regions: 4->5(77)
[2025-04-25T19:25:21.426+0200][gc,heap       ] GC(61) Old regions: 24->24
[2025-04-25T19:25:21.426+0200][gc,heap       ] GC(61) Humongous regions: 129->129
[2025-04-25T19:25:21.426+0200][gc,metaspace  ] GC(61) Metaspace: 45488K(48588K)->45488K(48588K) NonClass: 39779K(41420K)->39779K(41420K) Class: 5709K(7168K)->5709K(7168K)
[2025-04-25T19:25:21.426+0200][gc            ] GC(61) Pause Young (Normal) (G1 Evacuation Pause) 764M->155M(1024M) 15.997ms
[2025-04-25T19:25:21.426+0200][gc,cpu        ] GC(61) User=0.10s Sys=0.00s Real=0.02s
[2025-04-25T19:29:44.932+0200][gc,heap,exit  ] Heap
[2025-04-25T19:29:44.932+0200][gc,heap,exit  ]  garbage-first heap   total 1048576K, used 586818K [0x00000000c0000000, 0x0000000100000000)
[2025-04-25T19:29:44.932+0200][gc,heap,exit  ]   region size 1024K, 424 young (434176K), 5 survivors (5120K)
[2025-04-25T19:29:44.932+0200][gc,heap,exit  ]  Metaspace       used 46302K, capacity 49420K, committed 49612K, reserved 1091584K
[2025-04-25T19:29:44.932+0200][gc,heap,exit  ]   class space    used 5946K, capacity 7416K, committed 7424K, reserved 1048576K
